[debug] [2026-04-29T17:24:43.795Z] ----------------------------------------------------------------------
[debug] [2026-04-29T17:24:43.798Z] Command:       C:\Program Files\nodejs\node.exe C:\Users\dashm\AppData\Roaming\npm\node_modules\firebase-tools\lib\bin\firebase.js deploy
[debug] [2026-04-29T17:24:43.799Z] CLI Version:   15.15.0
[debug] [2026-04-29T17:24:43.799Z] Platform:      win32
[debug] [2026-04-29T17:24:43.799Z] Node Version:  v20.20.2
[debug] [2026-04-29T17:24:43.799Z] Time:          Thu Apr 30 2026 01:24:43 GMT+0800 (China Standard Time)
[debug] [2026-04-29T17:24:43.800Z] ----------------------------------------------------------------------
[debug] 
[debug] [2026-04-29T17:24:45.551Z] > command requires scopes: ["email","openid","https://www.googleapis.com/auth/cloudplatformprojects.readonly","https://www.googleapis.com/auth/firebase","https://www.googleapis.com/auth/cloud-platform"]
[debug] [2026-04-29T17:24:45.552Z] > authorizing via signed-in user (pacificbelmont@gmail.com)
[debug] [2026-04-29T17:24:45.552Z] [iam] checking project sari-pos-88979 for permissions ["cloudfunctions.functions.create","cloudfunctions.functions.delete","cloudfunctions.functions.get","cloudfunctions.functions.list","cloudfunctions.functions.update","cloudfunctions.operations.get","datastore.indexes.create","datastore.indexes.delete","datastore.indexes.list","datastore.indexes.update","firebase.projects.get","firebasehosting.sites.update"]
[debug] [2026-04-29T17:24:45.553Z] Checked if tokens are valid: true, expires at: 1777486714527
[debug] [2026-04-29T17:24:45.554Z] Checked if tokens are valid: true, expires at: 1777486714527
[debug] [2026-04-29T17:24:45.555Z] >>> [apiv2][query] POST https://cloudresourcemanager.googleapis.com/v1/projects/sari-pos-88979:testIamPermissions [none]
[debug] [2026-04-29T17:24:45.555Z] >>> [apiv2][(partial)header] POST https://cloudresourcemanager.googleapis.com/v1/projects/sari-pos-88979:testIamPermissions  x-goog-user-project=sari-pos-88979
[debug] [2026-04-29T17:24:45.555Z] >>> [apiv2][body] POST https://cloudresourcemanager.googleapis.com/v1/projects/sari-pos-88979:testIamPermissions {"permissions":["cloudfunctions.functions.create","cloudfunctions.functions.delete","cloudfunctions.functions.get","cloudfunctions.functions.list","cloudfunctions.functions.update","cloudfunctions.operations.get","datastore.indexes.create","datastore.indexes.delete","datastore.indexes.list","datastore.indexes.update","firebase.projects.get","firebasehosting.sites.update"]}
[debug] [2026-04-29T17:24:46.717Z] <<< [apiv2][status] POST https://cloudresourcemanager.googleapis.com/v1/projects/sari-pos-88979:testIamPermissions 200
[debug] [2026-04-29T17:24:46.718Z] <<< [apiv2][body] POST https://cloudresourcemanager.googleapis.com/v1/projects/sari-pos-88979:testIamPermissions {"permissions":["cloudfunctions.functions.create","cloudfunctions.functions.delete","cloudfunctions.functions.get","cloudfunctions.functions.list","cloudfunctions.functions.update","cloudfunctions.operations.get","datastore.indexes.create","datastore.indexes.delete","datastore.indexes.list","datastore.indexes.update","firebase.projects.get","firebasehosting.sites.update"]}
[debug] [2026-04-29T17:24:46.718Z] Checked if tokens are valid: true, expires at: 1777486714527
[debug] [2026-04-29T17:24:46.719Z] Checked if tokens are valid: true, expires at: 1777486714527
[debug] [2026-04-29T17:24:46.719Z] >>> [apiv2][query] POST https://iam.googleapis.com/v1/projects/sari-pos-88979/serviceAccounts/sari-pos-88979@appspot.gserviceaccount.com:testIamPermissions [none]
[debug] [2026-04-29T17:24:46.719Z] >>> [apiv2][body] POST https://iam.googleapis.com/v1/projects/sari-pos-88979/serviceAccounts/sari-pos-88979@appspot.gserviceaccount.com:testIamPermissions {"permissions":["iam.serviceAccounts.actAs"]}
[debug] [2026-04-29T17:24:48.043Z] <<< [apiv2][status] POST https://iam.googleapis.com/v1/projects/sari-pos-88979/serviceAccounts/sari-pos-88979@appspot.gserviceaccount.com:testIamPermissions 200
[debug] [2026-04-29T17:24:48.044Z] <<< [apiv2][body] POST https://iam.googleapis.com/v1/projects/sari-pos-88979/serviceAccounts/sari-pos-88979@appspot.gserviceaccount.com:testIamPermissions {"permissions":["iam.serviceAccounts.actAs"]}
[debug] [2026-04-29T17:24:48.046Z] Checked if tokens are valid: true, expires at: 1777486714527
[debug] [2026-04-29T17:24:48.047Z] Checked if tokens are valid: true, expires at: 1777486714527
[debug] [2026-04-29T17:24:48.048Z] >>> [apiv2][query] GET https://firebase.googleapis.com/v1beta1/projects/sari-pos-88979 [none]
[debug] [2026-04-29T17:24:48.605Z] <<< [apiv2][status] GET https://firebase.googleapis.com/v1beta1/projects/sari-pos-88979 200
[debug] [2026-04-29T17:24:48.605Z] <<< [apiv2][body] GET https://firebase.googleapis.com/v1beta1/projects/sari-pos-88979 {"projectId":"sari-pos-88979","projectNumber":"412821814538","displayName":"sari-pos","name":"projects/sari-pos-88979","resources":{"hostingSite":"sari-pos-88979"},"state":"ACTIVE","etag":"1_4b2fb546-04f1-44d4-9ef9-b15713a21487"}
[info] 
[info] === Deploying to 'sari-pos-88979'...
[info] 
[info] i  deploying firestore, functions, hosting 
[info] i  firestore: ensuring required API firestore.googleapis.com is enabled... 
[info] i  firestore: ensuring required API firestore.googleapis.com is enabled... 
[debug] [2026-04-29T17:24:48.613Z] Checked if tokens are valid: true, expires at: 1777486714527
[debug] [2026-04-29T17:24:48.614Z] Checked if tokens are valid: true, expires at: 1777486714527
[debug] [2026-04-29T17:24:48.614Z] >>> [apiv2][query] GET https://firestore.googleapis.com/v1/projects/sari-pos-88979/databases/(default) [none]
[debug] [2026-04-29T17:24:49.921Z] <<< [apiv2][status] GET https://firestore.googleapis.com/v1/projects/sari-pos-88979/databases/(default) 200
[debug] [2026-04-29T17:24:49.921Z] <<< [apiv2][body] GET https://firestore.googleapis.com/v1/projects/sari-pos-88979/databases/(default) {"name":"projects/sari-pos-88979/databases/(default)","uid":"045314b1-238c-4b2d-9328-0f570af374ce","createTime":"2026-01-22T02:43:37.284119Z","updateTime":"2026-01-22T02:43:37.284119Z","locationId":"nam5","type":"FIRESTORE_NATIVE","concurrencyMode":"PESSIMISTIC","versionRetentionPeriod":"3600s","earliestVersionTime":"2026-04-29T16:24:50.166134Z","appEngineIntegrationMode":"DISABLED","keyPrefix":"s","pointInTimeRecoveryEnablement":"POINT_IN_TIME_RECOVERY_DISABLED","deleteProtectionState":"DELETE_PROTECTION_DISABLED","databaseEdition":"STANDARD","freeTier":true,"realtimeUpdatesMode":"REALTIME_UPDATES_MODE_ENABLED","etag":"INaGmoDKk5QDMKntraOl5pID"}
[info] i  firestore: reading indexes from firestore.indexes.json... 
[debug] [2026-04-29T17:24:49.927Z] Checked if tokens are valid: true, expires at: 1777486714527
[debug] [2026-04-29T17:24:49.927Z] Checked if tokens are valid: true, expires at: 1777486714527
[debug] [2026-04-29T17:24:49.927Z] >>> [apiv2][query] GET https://cloudresourcemanager.googleapis.com/v1/projects/sari-pos-88979 [none]
[debug] [2026-04-29T17:24:50.180Z] <<< [apiv2][status] GET https://cloudresourcemanager.googleapis.com/v1/projects/sari-pos-88979 200
[debug] [2026-04-29T17:24:50.181Z] <<< [apiv2][body] GET https://cloudresourcemanager.googleapis.com/v1/projects/sari-pos-88979 {"projectNumber":"412821814538","projectId":"sari-pos-88979","lifecycleState":"ACTIVE","name":"sari-pos","labels":{"firebase":"enabled","firebase-core":"disabled"},"createTime":"2026-01-06T02:36:22.829679Z"}
[info] i  functions: preparing codebase default for deployment 
[info] i  functions: ensuring required API cloudfunctions.googleapis.com is enabled... 
[info] i  functions: ensuring required API cloudbuild.googleapis.com is enabled... 
[info] i  artifactregistry: ensuring required API artifactregistry.googleapis.com is enabled... 
[debug] [2026-04-29T17:24:50.187Z] Checked if tokens are valid: true, expires at: 1777486714527
[debug] [2026-04-29T17:24:50.187Z] Checked if tokens are valid: true, expires at: 1777486714527
[debug] [2026-04-29T17:24:50.187Z] >>> [apiv2][query] GET https://firebase.googleapis.com/v1beta1/projects/sari-pos-88979/adminSdkConfig [none]
[debug] [2026-04-29T17:24:51.091Z] <<< [apiv2][status] GET https://firebase.googleapis.com/v1beta1/projects/sari-pos-88979/adminSdkConfig 200
[debug] [2026-04-29T17:24:51.091Z] <<< [apiv2][body] GET https://firebase.googleapis.com/v1beta1/projects/sari-pos-88979/adminSdkConfig {"projectId":"sari-pos-88979","storageBucket":"sari-pos-88979.firebasestorage.app"}
[debug] [2026-04-29T17:24:51.093Z] Checked if tokens are valid: true, expires at: 1777486714527
[debug] [2026-04-29T17:24:51.093Z] Checked if tokens are valid: true, expires at: 1777486714527
[debug] [2026-04-29T17:24:51.093Z] >>> [apiv2][query] GET https://runtimeconfig.googleapis.com/v1beta1/projects/sari-pos-88979/configs [none]
[debug] [2026-04-29T17:24:51.561Z] <<< [apiv2][status] GET https://runtimeconfig.googleapis.com/v1beta1/projects/sari-pos-88979/configs 200
[debug] [2026-04-29T17:24:51.561Z] <<< [apiv2][body] GET https://runtimeconfig.googleapis.com/v1beta1/projects/sari-pos-88979/configs {"configs":[{"name":"projects/sari-pos-88979/configs/smtp"},{"name":"projects/sari-pos-88979/configs/xendit"},{"name":"projects/sari-pos-88979/configs/app"}]}
[debug] [2026-04-29T17:24:51.561Z] Checked if tokens are valid: true, expires at: 1777486714527
[debug] [2026-04-29T17:24:51.562Z] Checked if tokens are valid: true, expires at: 1777486714527
[debug] [2026-04-29T17:24:51.562Z] Checked if tokens are valid: true, expires at: 1777486714527
[debug] [2026-04-29T17:24:51.562Z] Checked if tokens are valid: true, expires at: 1777486714527
[debug] [2026-04-29T17:24:51.562Z] Checked if tokens are valid: true, expires at: 1777486714527
[debug] [2026-04-29T17:24:51.562Z] Checked if tokens are valid: true, expires at: 1777486714527
[debug] [2026-04-29T17:24:51.562Z] >>> [apiv2][query] GET https://runtimeconfig.googleapis.com/v1beta1/projects/sari-pos-88979/configs/smtp/variables [none]
[debug] [2026-04-29T17:24:51.562Z] >>> [apiv2][query] GET https://runtimeconfig.googleapis.com/v1beta1/projects/sari-pos-88979/configs/xendit/variables [none]
[debug] [2026-04-29T17:24:51.565Z] >>> [apiv2][query] GET https://runtimeconfig.googleapis.com/v1beta1/projects/sari-pos-88979/configs/app/variables [none]
[debug] [2026-04-29T17:24:51.929Z] <<< [apiv2][status] GET https://runtimeconfig.googleapis.com/v1beta1/projects/sari-pos-88979/configs/smtp/variables 200
[debug] [2026-04-29T17:24:51.929Z] <<< [apiv2][body] GET https://runtimeconfig.googleapis.com/v1beta1/projects/sari-pos-88979/configs/smtp/variables {"variables":[{"name":"projects/sari-pos-88979/configs/smtp/variables/pass","updateTime":"2026-03-29T14:35:04.617951668Z"},{"name":"projects/sari-pos-88979/configs/smtp/variables/user","updateTime":"2026-03-29T14:35:04.997857044Z"}]}
[debug] [2026-04-29T17:24:51.929Z] Checked if tokens are valid: true, expires at: 1777486714527
[debug] [2026-04-29T17:24:51.929Z] Checked if tokens are valid: true, expires at: 1777486714527
[debug] [2026-04-29T17:24:51.929Z] Checked if tokens are valid: true, expires at: 1777486714527
[debug] [2026-04-29T17:24:51.929Z] Checked if tokens are valid: true, expires at: 1777486714527
[debug] [2026-04-29T17:24:51.929Z] >>> [apiv2][query] GET https://runtimeconfig.googleapis.com/v1beta1/projects/sari-pos-88979/configs/smtp/variables/pass [none]
[debug] [2026-04-29T17:24:51.930Z] >>> [apiv2][query] GET https://runtimeconfig.googleapis.com/v1beta1/projects/sari-pos-88979/configs/smtp/variables/user [none]
[debug] [2026-04-29T17:24:51.945Z] <<< [apiv2][status] GET https://runtimeconfig.googleapis.com/v1beta1/projects/sari-pos-88979/configs/app/variables 200
[debug] [2026-04-29T17:24:51.945Z] <<< [apiv2][body] GET https://runtimeconfig.googleapis.com/v1beta1/projects/sari-pos-88979/configs/app/variables {"variables":[{"name":"projects/sari-pos-88979/configs/app/variables/url","updateTime":"2026-03-29T14:35:04.045632874Z"}]}
[debug] [2026-04-29T17:24:51.945Z] Checked if tokens are valid: true, expires at: 1777486714527
[debug] [2026-04-29T17:24:51.945Z] Checked if tokens are valid: true, expires at: 1777486714527
[debug] [2026-04-29T17:24:51.945Z] >>> [apiv2][query] GET https://runtimeconfig.googleapis.com/v1beta1/projects/sari-pos-88979/configs/app/variables/url [none]
[debug] [2026-04-29T17:24:51.963Z] <<< [apiv2][status] GET https://runtimeconfig.googleapis.com/v1beta1/projects/sari-pos-88979/configs/xendit/variables 200
[debug] [2026-04-29T17:24:51.963Z] <<< [apiv2][body] GET https://runtimeconfig.googleapis.com/v1beta1/projects/sari-pos-88979/configs/xendit/variables {"variables":[{"name":"projects/sari-pos-88979/configs/xendit/variables/webhook_token","updateTime":"2026-03-29T14:35:03.652589322Z"},{"name":"projects/sari-pos-88979/configs/xendit/variables/secret_key","updateTime":"2026-03-29T14:35:05.191988051Z"}]}
[debug] [2026-04-29T17:24:51.963Z] Checked if tokens are valid: true, expires at: 1777486714527
[debug] [2026-04-29T17:24:51.963Z] Checked if tokens are valid: true, expires at: 1777486714527
[debug] [2026-04-29T17:24:51.963Z] Checked if tokens are valid: true, expires at: 1777486714527
[debug] [2026-04-29T17:24:51.963Z] Checked if tokens are valid: true, expires at: 1777486714527
[debug] [2026-04-29T17:24:51.963Z] >>> [apiv2][query] GET https://runtimeconfig.googleapis.com/v1beta1/projects/sari-pos-88979/configs/xendit/variables/webhook_token [none]
[debug] [2026-04-29T17:24:51.964Z] >>> [apiv2][query] GET https://runtimeconfig.googleapis.com/v1beta1/projects/sari-pos-88979/configs/xendit/variables/secret_key [none]
[debug] [2026-04-29T17:24:52.252Z] <<< [apiv2][status] GET https://runtimeconfig.googleapis.com/v1beta1/projects/sari-pos-88979/configs/smtp/variables/pass 200
[debug] [2026-04-29T17:24:52.253Z] <<< [apiv2][body] GET https://runtimeconfig.googleapis.com/v1beta1/projects/sari-pos-88979/configs/smtp/variables/pass {"name":"projects/sari-pos-88979/configs/smtp/variables/pass","updateTime":"2026-03-29T14:35:04.617951668Z","text":"icti eowa awok yope"}
[debug] [2026-04-29T17:24:52.284Z] <<< [apiv2][status] GET https://runtimeconfig.googleapis.com/v1beta1/projects/sari-pos-88979/configs/xendit/variables/webhook_token 200
[debug] [2026-04-29T17:24:52.284Z] <<< [apiv2][body] GET https://runtimeconfig.googleapis.com/v1beta1/projects/sari-pos-88979/configs/xendit/variables/webhook_token {"name":"projects/sari-pos-88979/configs/xendit/variables/webhook_token","updateTime":"2026-03-29T14:35:03.652589322Z","text":"0pygWxyrioQnbhYPT33NUz4786sfjMpD6ViXpIheptpsT20f"}
[debug] [2026-04-29T17:24:52.310Z] <<< [apiv2][status] GET https://runtimeconfig.googleapis.com/v1beta1/projects/sari-pos-88979/configs/smtp/variables/user 200
[debug] [2026-04-29T17:24:52.310Z] <<< [apiv2][body] GET https://runtimeconfig.googleapis.com/v1beta1/projects/sari-pos-88979/configs/smtp/variables/user {"name":"projects/sari-pos-88979/configs/smtp/variables/user","updateTime":"2026-03-29T14:35:04.997857044Z","text":"mojado.llc@gmail.com"}
[debug] [2026-04-29T17:24:52.331Z] <<< [apiv2][status] GET https://runtimeconfig.googleapis.com/v1beta1/projects/sari-pos-88979/configs/xendit/variables/secret_key 200
[debug] [2026-04-29T17:24:52.331Z] <<< [apiv2][body] GET https://runtimeconfig.googleapis.com/v1beta1/projects/sari-pos-88979/configs/xendit/variables/secret_key {"name":"projects/sari-pos-88979/configs/xendit/variables/secret_key","updateTime":"2026-03-29T14:35:05.191988051Z","text":"xnd_production_Ggd7jn641kXE6PIA0HpO3lovKO0dgrMzgglCxmvB7v1VQvDhQo7q5i43vQav8Fd"}
[debug] [2026-04-29T17:24:52.422Z] <<< [apiv2][status] GET https://runtimeconfig.googleapis.com/v1beta1/projects/sari-pos-88979/configs/app/variables/url 200
[debug] [2026-04-29T17:24:52.422Z] <<< [apiv2][body] GET https://runtimeconfig.googleapis.com/v1beta1/projects/sari-pos-88979/configs/app/variables/url {"name":"projects/sari-pos-88979/configs/app/variables/url","updateTime":"2026-03-29T14:35:04.045632874Z","text":"https://sari-pos-88979.web.app"}
[debug] [2026-04-29T17:24:52.424Z] Validating nodejs source
[warn] !  functions: Runtime Node.js 20 will be deprecated on 2026-04-30 and will be decommissioned on 2026-10-30, after which you will not be able to deploy without upgrading. Consider upgrading now to avoid disruption. See https://cloud.google.com/functions/docs/runtime-support for full details on the lifecycle policy 
[warn] !  functions: package.json indicates an outdated version of firebase-functions. Please upgrade using npm install --save firebase-functions@latest in your functions directory. 
[warn] !  functions: Please note that there will be breaking changes when you upgrade. 
[debug] [2026-04-29T17:24:53.683Z] > [functions] package.json contents: {
  "name": "functions",
  "main": "index.js",
  "engines": {
    "node": "20"
  },
  "dependencies": {
    "firebase-admin": "^12.0.0",
    "firebase-functions": "^5.1.0",
    "nodemailer": "^6.9.0",
    "cors": "^2.8.5",
    "axios": "^1.6.0"
  }
}
[debug] [2026-04-29T17:24:53.683Z] Building nodejs source
[info] i  functions: Loading and analyzing source code for codebase default to determine what to deploy 
[debug] [2026-04-29T17:24:53.685Z] Could not find functions.yaml. Must use http discovery
[debug] [2026-04-29T17:24:53.698Z] Found firebase-functions binary at 'C:\Users\dashm\Documents\payroo-POS\functions\node_modules\.bin\firebase-functions'
[info] Serving at port 8901

[debug] [2026-04-29T17:24:54.543Z] Got response from /__/functions.yaml {"endpoints":{"xenditCashin":{"availableMemoryMb":null,"timeoutSeconds":null,"minInstances":null,"maxInstances":null,"ingressSettings":null,"concurrency":null,"serviceAccountEmail":null,"vpc":null,"platform":"gcfv2","region":["us-central1"],"labels":{},"httpsTrigger":{},"entryPoint":"xenditCashin"},"sendWelcome":{"availableMemoryMb":null,"timeoutSeconds":null,"minInstances":null,"maxInstances":null,"ingressSettings":null,"concurrency":null,"serviceAccountEmail":null,"vpc":null,"platform":"gcfv2","region":["us-central1"],"labels":{},"httpsTrigger":{},"entryPoint":"sendWelcome"},"sendExpiryNotice":{"availableMemoryMb":null,"timeoutSeconds":null,"minInstances":null,"maxInstances":null,"ingressSettings":null,"concurrency":null,"serviceAccountEmail":null,"vpc":null,"platform":"gcfv2","region":["us-central1"],"labels":{},"httpsTrigger":{},"entryPoint":"sendExpiryNotice"},"sendPaymentFollowup":{"availableMemoryMb":null,"timeoutSeconds":null,"minInstances":null,"maxInstances":null,"ingressSettings":null,"concurrency":null,"serviceAccountEmail":null,"vpc":null,"platform":"gcfv2","region":["us-central1"],"labels":{},"httpsTrigger":{},"entryPoint":"sendPaymentFollowup"},"createInvoice":{"availableMemoryMb":null,"timeoutSeconds":null,"minInstances":null,"maxInstances":null,"ingressSettings":null,"concurrency":null,"serviceAccountEmail":null,"vpc":null,"platform":"gcfv2","region":["us-central1"],"labels":{},"httpsTrigger":{},"entryPoint":"createInvoice"},"xenditWebhook":{"availableMemoryMb":null,"timeoutSeconds":null,"minInstances":null,"maxInstances":null,"ingressSettings":null,"concurrency":null,"serviceAccountEmail":null,"vpc":null,"platform":"gcfv2","region":["us-central1"],"labels":{},"httpsTrigger":{},"entryPoint":"xenditWebhook"}},"specVersion":"v1alpha1","requiredAPIs":[],"extensions":{}}
[info] i  extensions: ensuring required API firebaseextensions.googleapis.com is enabled... 
[debug] [2026-04-29T17:24:58.605Z] > command requires scopes: ["email","openid","https://www.googleapis.com/auth/cloudplatformprojects.readonly","https://www.googleapis.com/auth/firebase","https://www.googleapis.com/auth/cloud-platform"]
[debug] [2026-04-29T17:24:58.605Z] > authorizing via signed-in user (pacificbelmont@gmail.com)
[debug] [2026-04-29T17:24:58.605Z] [iam] checking project sari-pos-88979 for permissions ["firebase.projects.get","firebaseextensions.instances.list"]
[debug] [2026-04-29T17:24:58.606Z] Checked if tokens are valid: true, expires at: 1777486714527
[debug] [2026-04-29T17:24:58.606Z] Checked if tokens are valid: true, expires at: 1777486714527
[debug] [2026-04-29T17:24:58.606Z] >>> [apiv2][query] POST https://cloudresourcemanager.googleapis.com/v1/projects/sari-pos-88979:testIamPermissions [none]
[debug] [2026-04-29T17:24:58.606Z] >>> [apiv2][(partial)header] POST https://cloudresourcemanager.googleapis.com/v1/projects/sari-pos-88979:testIamPermissions  x-goog-user-project=sari-pos-88979
[debug] [2026-04-29T17:24:58.606Z] >>> [apiv2][body] POST https://cloudresourcemanager.googleapis.com/v1/projects/sari-pos-88979:testIamPermissions {"permissions":["firebase.projects.get","firebaseextensions.instances.list"]}
[debug] [2026-04-29T17:24:59.616Z] <<< [apiv2][status] POST https://cloudresourcemanager.googleapis.com/v1/projects/sari-pos-88979:testIamPermissions 200
[debug] [2026-04-29T17:24:59.616Z] <<< [apiv2][body] POST https://cloudresourcemanager.googleapis.com/v1/projects/sari-pos-88979:testIamPermissions {"permissions":["firebase.projects.get","firebaseextensions.instances.list"]}
[debug] [2026-04-29T17:24:59.617Z] Checked if tokens are valid: true, expires at: 1777486714527
[debug] [2026-04-29T17:24:59.618Z] Checked if tokens are valid: true, expires at: 1777486714527
[debug] [2026-04-29T17:24:59.619Z] >>> [apiv2][query] GET https://firebaseextensions.googleapis.com/v1beta/projects/sari-pos-88979/instances pageSize=100&pageToken=
[debug] [2026-04-29T17:25:01.014Z] <<< [apiv2][status] GET https://firebaseextensions.googleapis.com/v1beta/projects/sari-pos-88979/instances 200
[debug] [2026-04-29T17:25:01.014Z] <<< [apiv2][body] GET https://firebaseextensions.googleapis.com/v1beta/projects/sari-pos-88979/instances {}
[info] i  functions: preparing functions directory for uploading... 
[info] i  functions: packaged C:\Users\dashm\Documents\payroo-POS\functions (31.12 KB) for uploading 
[debug] [2026-04-29T17:25:01.051Z] Checked if tokens are valid: true, expires at: 1777486714527
[debug] [2026-04-29T17:25:01.051Z] Checked if tokens are valid: true, expires at: 1777486714527
[debug] [2026-04-29T17:25:01.051Z] >>> [apiv2][query] GET https://cloudfunctions.googleapis.com/v1/projects/sari-pos-88979/locations/-/functions [none]
[debug] [2026-04-29T17:25:01.912Z] <<< [apiv2][status] GET https://cloudfunctions.googleapis.com/v1/projects/sari-pos-88979/locations/-/functions 200
[debug] [2026-04-29T17:25:01.913Z] <<< [apiv2][body] GET https://cloudfunctions.googleapis.com/v1/projects/sari-pos-88979/locations/-/functions {}
[debug] [2026-04-29T17:25:01.913Z] Checked if tokens are valid: true, expires at: 1777486714527
[debug] [2026-04-29T17:25:01.913Z] Checked if tokens are valid: true, expires at: 1777486714527
[debug] [2026-04-29T17:25:01.914Z] >>> [apiv2][query] GET https://cloudfunctions.googleapis.com/v2/projects/sari-pos-88979/locations/-/functions filter=environment%3D%22GEN_2%22
[debug] [2026-04-29T17:25:03.531Z] <<< [apiv2][status] GET https://cloudfunctions.googleapis.com/v2/projects/sari-pos-88979/locations/-/functions 200
[debug] [2026-04-29T17:25:03.531Z] <<< [apiv2][body] GET https://cloudfunctions.googleapis.com/v2/projects/sari-pos-88979/locations/-/functions {"functions":[{"name":"projects/sari-pos-88979/locations/us-central1/functions/ssrsaripos88979","buildConfig":{"build":"projects/412821814538/locations/us-central1/builds/b8c6b2d9-e6f2-4d55-977f-f93a6fcbbdbd","runtime":"nodejs24","entryPoint":"ssrsaripos88979","source":{"storageSource":{"bucket":"gcf-v2-sources-412821814538-us-central1","object":"ssrsaripos88979/function-source.zip","generation":"1774192190370654"}},"environmentVariables":{"GOOGLE_NODE_RUN_SCRIPTS":""},"dockerRepository":"projects/sari-pos-88979/locations/us-central1/repositories/gcf-artifacts","sourceProvenance":{"resolvedStorageSource":{"bucket":"gcf-v2-sources-412821814538-us-central1","object":"ssrsaripos88979/function-source.zip","generation":"1774192190370654"}},"dockerRegistry":"ARTIFACT_REGISTRY","serviceAccount":"projects/sari-pos-88979/serviceAccounts/412821814538-compute@developer.gserviceaccount.com","automaticUpdatePolicy":{}},"serviceConfig":{"service":"projects/sari-pos-88979/locations/us-central1/services/ssrsaripos88979","timeoutSeconds":60,"environmentVariables":{"NEXT_PUBLIC_FIREBASE_API_KEY":"AIzaSyCCkjIavh4Ip6Zud9z6ydmpSmfGQJ5BJRA","NEXT_PUBLIC_FIREBASE_AUTH_DOMAIN":"sari-pos-88979.firebaseapp.com","NEXT_PUBLIC_FIREBASE_PROJECT_ID":"sari-pos-88979","NEXT_PUBLIC_FIREBASE_STORAGE_BUCKET":"sari-pos-88979.firebasestorage.app","NEXT_PUBLIC_FIREBASE_MESSAGING_SENDER_ID":"412821814538","NEXT_PUBLIC_FIREBASE_APP_ID":"1:412821814538:web:b4cb53f58d5d54c5ef8ef3","XENDIT_SECRET_KEY":"xnd_production_Ggd7jn641kXE6PIA0HpO3lovKO0dgrMzgglCxmvB7v1VQvDhQo7q5i43vQav8Fd","XENDIT_WEBHOOK_TOKEN":"0pygWxyrioQnbhYPT33NUz4786sfjMpD6ViXpIheptpsT20f","NEXT_PUBLIC_APP_URL":"http://localhost:3000","SMTP_USER":"mojado.llc@gmail.com","SMTP_PASS":"icti eowa awok yope","VERCEL_URL":"sari-pos-88979.web.app","__FIREBASE_FRAMEWORKS_ENTRY__":"next.js","__FIREBASE_DEFAULTS__":"{\"config\":{\"projectId\":\"sari-pos-88979\",\"appId\":\"1:412821814538:web:b4cb53f58d5d54c5ef8ef3\",\"storageBucket\":\"sari-pos-88979.firebasestorage.app\",\"apiKey\":\"AIzaSyCCkjIavh4Ip6Zud9z6ydmpSmfGQJ5BJRA\",\"authDomain\":\"sari-pos-88979.firebaseapp.com\",\"messagingSenderId\":\"412821814538\",\"measurementId\":\"G-X1DEZJLSPJ\",\"projectNumber\":\"412821814538\",\"version\":\"2\"},\"_authTokenSyncURL\":\"/__session\"}","FIREBASE_CONFIG":"{\"projectId\":\"sari-pos-88979\",\"storageBucket\":\"sari-pos-88979.firebasestorage.app\"}","GCLOUD_PROJECT":"sari-pos-88979","EVENTARC_CLOUD_EVENT_SOURCE":"projects/sari-pos-88979/locations/us-central1/services/ssrsaripos88979","FUNCTION_TARGET":"ssrsaripos88979","LOG_EXECUTION_ID":"true"},"maxInstanceCount":20,"ingressSettings":"ALLOW_ALL","uri":"https://ssrsaripos88979-22u3ysvzya-uc.a.run.app","serviceAccountEmail":"412821814538-compute@developer.gserviceaccount.com","availableMemory":"256Mi","allTrafficOnLatestRevision":true,"revision":"ssrsaripos88979-00003-gex","maxInstanceRequestConcurrency":80,"availableCpu":"1"},"state":"ACTIVE","updateTime":"2026-03-22T15:15:50.665433852Z","labels":{"deployment-tool":"cli-firebase","firebase-functions-codebase":"firebase-frameworks-sari-pos-88979","firebase-functions-hash":"5153d5ee89a3f939456cc1c7233135206cc7fe3f"},"environment":"GEN_2","url":"https://us-central1-sari-pos-88979.cloudfunctions.net/ssrsaripos88979","createTime":"2026-03-22T04:33:37.231985992Z","satisfiesPzi":true},{"name":"projects/sari-pos-88979/locations/us-central1/functions/sendPaymentFollowup","buildConfig":{"build":"projects/412821814538/locations/us-central1/builds/c1d48e26-d510-48b8-9f2a-b61bab0ff50b","runtime":"nodejs20","entryPoint":"sendPaymentFollowup","source":{"storageSource":{"bucket":"gcf-v2-sources-412821814538-us-central1","object":"sendPaymentFollowup/function-source.zip","generation":"1777480021853195"}},"environmentVariables":{"GOOGLE_NODE_RUN_SCRIPTS":""},"dockerRepository":"projects/sari-pos-88979/locations/us-central1/repositories/gcf-artifacts","sourceProvenance":{"resolvedStorageSource":{"bucket":"gcf-v2-sources-412821814538-us-central1","object":"sendPaymentFollowup/function-source.zip","generation":"1777480021853195"}},"dockerRegistry":"ARTIFACT_REGISTRY","serviceAccount":"projects/sari-pos-88979/serviceAccounts/412821814538-compute@developer.gserviceaccount.com","automaticUpdatePolicy":{}},"serviceConfig":{"service":"projects/sari-pos-88979/locations/us-central1/services/sendpaymentfollowup","timeoutSeconds":60,"environmentVariables":{"XENDIT_SECRET_KEY":"xnd_production_AdyD6OOtQCOZe23Kc02G3FWm8ejgBjmanmA0RuBNGYxu9DRtcvWkcD7R7bn","XENDIT_WEBHOOK_TOKEN":"0pygWxyrioQnbhYPT33NUz4786sfjMpD6ViXpIheptpsT20f","NEXT_PUBLIC_APP_URL":"https://payroo-16c07.web.app","SMTP_USER":"mojado.llc@gmail.com","SMTP_PASS":"icti eowa awok yope","FIREBASE_CONFIG":"{\"projectId\":\"sari-pos-88979\",\"storageBucket\":\"sari-pos-88979.firebasestorage.app\"}","GCLOUD_PROJECT":"sari-pos-88979","EVENTARC_CLOUD_EVENT_SOURCE":"projects/sari-pos-88979/locations/us-central1/services/sendPaymentFollowup","FUNCTION_TARGET":"sendPaymentFollowup","LOG_EXECUTION_ID":"true","FUNCTION_SIGNATURE_TYPE":"http"},"maxInstanceCount":20,"ingressSettings":"ALLOW_ALL","uri":"https://sendpaymentfollowup-22u3ysvzya-uc.a.run.app","serviceAccountEmail":"412821814538-compute@developer.gserviceaccount.com","availableMemory":"256Mi","allTrafficOnLatestRevision":true,"revision":"sendpaymentfollowup-00007-yoz","maxInstanceRequestConcurrency":80,"availableCpu":"1"},"state":"ACTIVE","updateTime":"2026-04-29T16:27:08.824012953Z","labels":{"deployment-tool":"cli-firebase","firebase-functions-hash":"ada90c7728c05bfe47bb113e9be668cefbe60e56"},"environment":"GEN_2","url":"https://us-central1-sari-pos-88979.cloudfunctions.net/sendPaymentFollowup","createTime":"2026-03-24T08:32:00.761419306Z","satisfiesPzi":true},{"name":"projects/sari-pos-88979/locations/us-central1/functions/createInvoice","buildConfig":{"build":"projects/412821814538/locations/us-central1/builds/c1d48e26-d510-48b8-9f2a-b61bab0ff50b","runtime":"nodejs20","entryPoint":"createInvoice","source":{"storageSource":{"bucket":"gcf-v2-sources-412821814538-us-central1","object":"createInvoice/function-source.zip","generation":"1777480021877305"}},"environmentVariables":{"GOOGLE_NODE_RUN_SCRIPTS":""},"dockerRepository":"projects/sari-pos-88979/locations/us-central1/repositories/gcf-artifacts","sourceProvenance":{"resolvedStorageSource":{"bucket":"gcf-v2-sources-412821814538-us-central1","object":"createInvoice/function-source.zip","generation":"1777480021877305"}},"dockerRegistry":"ARTIFACT_REGISTRY","serviceAccount":"projects/sari-pos-88979/serviceAccounts/412821814538-compute@developer.gserviceaccount.com","automaticUpdatePolicy":{}},"serviceConfig":{"service":"projects/sari-pos-88979/locations/us-central1/services/createinvoice","timeoutSeconds":60,"environmentVariables":{"XENDIT_SECRET_KEY":"xnd_production_AdyD6OOtQCOZe23Kc02G3FWm8ejgBjmanmA0RuBNGYxu9DRtcvWkcD7R7bn","XENDIT_WEBHOOK_TOKEN":"0pygWxyrioQnbhYPT33NUz4786sfjMpD6ViXpIheptpsT20f","NEXT_PUBLIC_APP_URL":"https://payroo-16c07.web.app","SMTP_USER":"mojado.llc@gmail.com","SMTP_PASS":"icti eowa awok yope","FIREBASE_CONFIG":"{\"projectId\":\"sari-pos-88979\",\"storageBucket\":\"sari-pos-88979.firebasestorage.app\"}","GCLOUD_PROJECT":"sari-pos-88979","EVENTARC_CLOUD_EVENT_SOURCE":"projects/sari-pos-88979/locations/us-central1/services/createInvoice","FUNCTION_TARGET":"createInvoice","LOG_EXECUTION_ID":"true","FUNCTION_SIGNATURE_TYPE":"http"},"maxInstanceCount":20,"ingressSettings":"ALLOW_ALL","uri":"https://createinvoice-22u3ysvzya-uc.a.run.app","serviceAccountEmail":"412821814538-compute@developer.gserviceaccount.com","availableMemory":"256Mi","allTrafficOnLatestRevision":true,"revision":"createinvoice-00009-sil","maxInstanceRequestConcurrency":80,"availableCpu":"1"},"state":"ACTIVE","updateTime":"2026-04-29T16:27:08.796463340Z","labels":{"deployment-tool":"cli-firebase","firebase-functions-hash":"ada90c7728c05bfe47bb113e9be668cefbe60e56"},"environment":"GEN_2","url":"https://us-central1-sari-pos-88979.cloudfunctions.net/createInvoice","createTime":"2026-03-22T15:56:55.683484344Z","satisfiesPzi":true},{"name":"projects/sari-pos-88979/locations/us-central1/functions/xenditWebhook","buildConfig":{"build":"projects/412821814538/locations/us-central1/builds/c1d48e26-d510-48b8-9f2a-b61bab0ff50b","runtime":"nodejs20","entryPoint":"xenditWebhook","source":{"storageSource":{"bucket":"gcf-v2-sources-412821814538-us-central1","object":"xenditWebhook/function-source.zip","generation":"1777480021786203"}},"environmentVariables":{"GOOGLE_NODE_RUN_SCRIPTS":""},"dockerRepository":"projects/sari-pos-88979/locations/us-central1/repositories/gcf-artifacts","sourceProvenance":{"resolvedStorageSource":{"bucket":"gcf-v2-sources-412821814538-us-central1","object":"xenditWebhook/function-source.zip","generation":"1777480021786203"}},"dockerRegistry":"ARTIFACT_REGISTRY","serviceAccount":"projects/sari-pos-88979/serviceAccounts/412821814538-compute@developer.gserviceaccount.com","automaticUpdatePolicy":{}},"serviceConfig":{"service":"projects/sari-pos-88979/locations/us-central1/services/xenditwebhook","timeoutSeconds":60,"environmentVariables":{"XENDIT_SECRET_KEY":"xnd_production_AdyD6OOtQCOZe23Kc02G3FWm8ejgBjmanmA0RuBNGYxu9DRtcvWkcD7R7bn","XENDIT_WEBHOOK_TOKEN":"0pygWxyrioQnbhYPT33NUz4786sfjMpD6ViXpIheptpsT20f","NEXT_PUBLIC_APP_URL":"https://payroo-16c07.web.app","SMTP_USER":"mojado.llc@gmail.com","SMTP_PASS":"icti eowa awok yope","FIREBASE_CONFIG":"{\"projectId\":\"sari-pos-88979\",\"storageBucket\":\"sari-pos-88979.firebasestorage.app\"}","GCLOUD_PROJECT":"sari-pos-88979","EVENTARC_CLOUD_EVENT_SOURCE":"projects/sari-pos-88979/locations/us-central1/services/xenditWebhook","FUNCTION_TARGET":"xenditWebhook","LOG_EXECUTION_ID":"true","FUNCTION_SIGNATURE_TYPE":"http"},"maxInstanceCount":20,"ingressSettings":"ALLOW_ALL","uri":"https://xenditwebhook-22u3ysvzya-uc.a.run.app","serviceAccountEmail":"412821814538-compute@developer.gserviceaccount.com","availableMemory":"256Mi","allTrafficOnLatestRevision":true,"revision":"xenditwebhook-00009-rig","maxInstanceRequestConcurrency":80,"availableCpu":"1"},"state":"ACTIVE","updateTime":"2026-04-29T16:27:08.431316240Z","labels":{"deployment-tool":"cli-firebase","firebase-functions-hash":"ada90c7728c05bfe47bb113e9be668cefbe60e56"},"environment":"GEN_2","url":"https://us-central1-sari-pos-88979.cloudfunctions.net/xenditWebhook","createTime":"2026-03-22T15:56:55.601568542Z","satisfiesPzi":true},{"name":"projects/sari-pos-88979/locations/us-central1/functions/xenditCashin","buildConfig":{"build":"projects/412821814538/locations/us-central1/builds/c1d48e26-d510-48b8-9f2a-b61bab0ff50b","runtime":"nodejs20","entryPoint":"xenditCashin","source":{"storageSource":{"bucket":"gcf-v2-sources-412821814538-us-central1","object":"xenditCashin/function-source.zip","generation":"1777479973119382"}},"environmentVariables":{"GOOGLE_NODE_RUN_SCRIPTS":""},"dockerRepository":"projects/sari-pos-88979/locations/us-central1/repositories/gcf-artifacts","sourceProvenance":{"resolvedStorageSource":{"bucket":"gcf-v2-sources-412821814538-us-central1","object":"xenditCashin/function-source.zip","generation":"1777479973119382"}},"dockerRegistry":"ARTIFACT_REGISTRY","serviceAccount":"projects/sari-pos-88979/serviceAccounts/412821814538-compute@developer.gserviceaccount.com","automaticUpdatePolicy":{}},"serviceConfig":{"service":"projects/sari-pos-88979/locations/us-central1/services/xenditcashin","timeoutSeconds":60,"environmentVariables":{"XENDIT_SECRET_KEY":"xnd_production_AdyD6OOtQCOZe23Kc02G3FWm8ejgBjmanmA0RuBNGYxu9DRtcvWkcD7R7bn","XENDIT_WEBHOOK_TOKEN":"0pygWxyrioQnbhYPT33NUz4786sfjMpD6ViXpIheptpsT20f","NEXT_PUBLIC_APP_URL":"https://payroo-16c07.web.app","SMTP_USER":"mojado.llc@gmail.com","SMTP_PASS":"icti eowa awok yope","FIREBASE_CONFIG":"{\"projectId\":\"sari-pos-88979\",\"storageBucket\":\"sari-pos-88979.firebasestorage.app\"}","GCLOUD_PROJECT":"sari-pos-88979","EVENTARC_CLOUD_EVENT_SOURCE":"projects/sari-pos-88979/locations/us-central1/services/xenditCashin","FUNCTION_TARGET":"xenditCashin","LOG_EXECUTION_ID":"true"},"maxInstanceCount":20,"ingressSettings":"ALLOW_ALL","uri":"https://xenditcashin-22u3ysvzya-uc.a.run.app","serviceAccountEmail":"412821814538-compute@developer.gserviceaccount.com","availableMemory":"256Mi","allTrafficOnLatestRevision":true,"revision":"xenditcashin-00003-wam","maxInstanceRequestConcurrency":80,"availableCpu":"1"},"state":"ACTIVE","updateTime":"2026-04-29T16:27:05.777873816Z","labels":{"deployment-tool":"cli-firebase","firebase-functions-hash":"ada90c7728c05bfe47bb113e9be668cefbe60e56"},"environment":"GEN_2","url":"https://us-central1-sari-pos-88979.cloudfunctions.net/xenditCashin","createTime":"2026-03-29T15:17:17.533630319Z","satisfiesPzi":true},{"name":"projects/sari-pos-88979/locations/us-central1/functions/checkSubscriptionExpiry","buildConfig":{"build":"projects/412821814538/locations/us-central1/builds/775a4c05-bd9e-4e34-8a52-71fd032f4d99","runtime":"nodejs20","entryPoint":"checkSubscriptionExpiry","source":{"storageSource":{"bucket":"gcf-v2-sources-412821814538-us-central1","object":"checkSubscriptionExpiry/function-source.zip","generation":"1774752434357231"}},"environmentVariables":{"GOOGLE_NODE_RUN_SCRIPTS":""},"dockerRepository":"projects/sari-pos-88979/locations/us-central1/repositories/gcf-artifacts","sourceProvenance":{"resolvedStorageSource":{"bucket":"gcf-v2-sources-412821814538-us-central1","object":"checkSubscriptionExpiry/function-source.zip","generation":"1774752434357231"}},"dockerRegistry":"ARTIFACT_REGISTRY","serviceAccount":"projects/sari-pos-88979/serviceAccounts/412821814538-compute@developer.gserviceaccount.com","automaticUpdatePolicy":{}},"serviceConfig":{"service":"projects/sari-pos-88979/locations/us-central1/services/checksubscriptionexpiry","timeoutSeconds":60,"environmentVariables":{"XENDIT_SECRET_KEY":"xnd_production_Ggd7jn641kXE6PIA0HpO3lovKO0dgrMzgglCxmvB7v1VQvDhQo7q5i43vQav8Fd","XENDIT_WEBHOOK_TOKEN":"0pygWxyrioQnbhYPT33NUz4786sfjMpD6ViXpIheptpsT20f","NEXT_PUBLIC_APP_URL":"https://payroo-16c07.web.app","SMTP_USER":"mojado.llc@gmail.com","SMTP_PASS":"icti eowa awok yope","FIREBASE_CONFIG":"{\"projectId\":\"sari-pos-88979\",\"storageBucket\":\"sari-pos-88979.firebasestorage.app\"}","GCLOUD_PROJECT":"sari-pos-88979","EVENTARC_CLOUD_EVENT_SOURCE":"projects/sari-pos-88979/locations/us-central1/services/checkSubscriptionExpiry","FUNCTION_TARGET":"checkSubscriptionExpiry","LOG_EXECUTION_ID":"true","FUNCTION_SIGNATURE_TYPE":"http"},"maxInstanceCount":20,"ingressSettings":"ALLOW_ALL","uri":"https://checksubscriptionexpiry-22u3ysvzya-uc.a.run.app","serviceAccountEmail":"412821814538-compute@developer.gserviceaccount.com","availableMemory":"256Mi","allTrafficOnLatestRevision":true,"revision":"checksubscriptionexpiry-00004-hum","maxInstanceRequestConcurrency":80,"availableCpu":"1"},"state":"ACTIVE","updateTime":"2026-03-29T02:47:32.745159310Z","labels":{"firebase-functions-hash":"c1893d9fe22a6218f9fdce77aa0f1c0a422fa3f5","deployment-tool":"cli-firebase","deployment-scheduled":"true"},"environment":"GEN_2","url":"https://us-central1-sari-pos-88979.cloudfunctions.net/checkSubscriptionExpiry","createTime":"2026-03-24T08:32:59.552494855Z","satisfiesPzi":true},{"name":"projects/sari-pos-88979/locations/us-central1/functions/sendWelcome","buildConfig":{"build":"projects/412821814538/locations/us-central1/builds/c1d48e26-d510-48b8-9f2a-b61bab0ff50b","runtime":"nodejs20","entryPoint":"sendWelcome","source":{"storageSource":{"bucket":"gcf-v2-sources-412821814538-us-central1","object":"sendWelcome/function-source.zip","generation":"1777480020775415"}},"environmentVariables":{"GOOGLE_NODE_RUN_SCRIPTS":""},"dockerRepository":"projects/sari-pos-88979/locations/us-central1/repositories/gcf-artifacts","sourceProvenance":{"resolvedStorageSource":{"bucket":"gcf-v2-sources-412821814538-us-central1","object":"sendWelcome/function-source.zip","generation":"1777480020775415"}},"dockerRegistry":"ARTIFACT_REGISTRY","serviceAccount":"projects/sari-pos-88979/serviceAccounts/412821814538-compute@developer.gserviceaccount.com","automaticUpdatePolicy":{}},"serviceConfig":{"service":"projects/sari-pos-88979/locations/us-central1/services/sendwelcome","timeoutSeconds":60,"environmentVariables":{"XENDIT_SECRET_KEY":"xnd_production_AdyD6OOtQCOZe23Kc02G3FWm8ejgBjmanmA0RuBNGYxu9DRtcvWkcD7R7bn","XENDIT_WEBHOOK_TOKEN":"0pygWxyrioQnbhYPT33NUz4786sfjMpD6ViXpIheptpsT20f","NEXT_PUBLIC_APP_URL":"https://payroo-16c07.web.app","SMTP_USER":"mojado.llc@gmail.com","SMTP_PASS":"icti eowa awok yope","FIREBASE_CONFIG":"{\"projectId\":\"sari-pos-88979\",\"storageBucket\":\"sari-pos-88979.firebasestorage.app\"}","GCLOUD_PROJECT":"sari-pos-88979","EVENTARC_CLOUD_EVENT_SOURCE":"projects/sari-pos-88979/locations/us-central1/services/sendWelcome","FUNCTION_TARGET":"sendWelcome","LOG_EXECUTION_ID":"true","FUNCTION_SIGNATURE_TYPE":"http"},"maxInstanceCount":20,"ingressSettings":"ALLOW_ALL","uri":"https://sendwelcome-22u3ysvzya-uc.a.run.app","serviceAccountEmail":"412821814538-compute@developer.gserviceaccount.com","availableMemory":"256Mi","allTrafficOnLatestRevision":true,"revision":"sendwelcome-00009-pow","maxInstanceRequestConcurrency":80,"availableCpu":"1"},"state":"ACTIVE","updateTime":"2026-04-29T16:27:07.953830837Z","labels":{"deployment-tool":"cli-firebase","firebase-functions-hash":"ada90c7728c05bfe47bb113e9be668cefbe60e56"},"environment":"GEN_2","url":"https://us-central1-sari-pos-88979.cloudfunctions.net/sendWelcome","createTime":"2026-03-22T15:55:55.713726349Z","satisfiesPzi":true},{"name":"projects/sari-pos-88979/locations/us-central1/functions/sendExpiryNotice","buildConfig":{"build":"projects/412821814538/locations/us-central1/builds/c1d48e26-d510-48b8-9f2a-b61bab0ff50b","runtime":"nodejs20","entryPoint":"sendExpiryNotice","source":{"storageSource":{"bucket":"gcf-v2-sources-412821814538-us-central1","object":"sendExpiryNotice/function-source.zip","generation":"1777480021877842"}},"environmentVariables":{"GOOGLE_NODE_RUN_SCRIPTS":""},"dockerRepository":"projects/sari-pos-88979/locations/us-central1/repositories/gcf-artifacts","sourceProvenance":{"resolvedStorageSource":{"bucket":"gcf-v2-sources-412821814538-us-central1","object":"sendExpiryNotice/function-source.zip","generation":"1777480021877842"}},"dockerRegistry":"ARTIFACT_REGISTRY","serviceAccount":"projects/sari-pos-88979/serviceAccounts/412821814538-compute@developer.gserviceaccount.com","automaticUpdatePolicy":{}},"serviceConfig":{"service":"projects/sari-pos-88979/locations/us-central1/services/sendexpirynotice","timeoutSeconds":60,"environmentVariables":{"XENDIT_SECRET_KEY":"xnd_production_AdyD6OOtQCOZe23Kc02G3FWm8ejgBjmanmA0RuBNGYxu9DRtcvWkcD7R7bn","XENDIT_WEBHOOK_TOKEN":"0pygWxyrioQnbhYPT33NUz4786sfjMpD6ViXpIheptpsT20f","NEXT_PUBLIC_APP_URL":"https://payroo-16c07.web.app","SMTP_USER":"mojado.llc@gmail.com","SMTP_PASS":"icti eowa awok yope","FIREBASE_CONFIG":"{\"projectId\":\"sari-pos-88979\",\"storageBucket\":\"sari-pos-88979.firebasestorage.app\"}","GCLOUD_PROJECT":"sari-pos-88979","EVENTARC_CLOUD_EVENT_SOURCE":"projects/sari-pos-88979/locations/us-central1/services/sendExpiryNotice","FUNCTION_TARGET":"sendExpiryNotice","LOG_EXECUTION_ID":"true","FUNCTION_SIGNATURE_TYPE":"http"},"maxInstanceCount":20,"ingressSettings":"ALLOW_ALL","uri":"https://sendexpirynotice-22u3ysvzya-uc.a.run.app","serviceAccountEmail":"412821814538-compute@developer.gserviceaccount.com","availableMemory":"256Mi","allTrafficOnLatestRevision":true,"revision":"sendexpirynotice-00009-pit","maxInstanceRequestConcurrency":80,"availableCpu":"1"},"state":"ACTIVE","updateTime":"2026-04-29T16:27:09.593826696Z","labels":{"firebase-functions-hash":"ada90c7728c05bfe47bb113e9be668cefbe60e56","deployment-tool":"cli-firebase"},"environment":"GEN_2","url":"https://us-central1-sari-pos-88979.cloudfunctions.net/sendExpiryNotice","createTime":"2026-03-22T15:56:55.537783214Z","satisfiesPzi":true}]}
[info] i  functions: ensuring required API run.googleapis.com is enabled... 
[info] i  functions: ensuring required API eventarc.googleapis.com is enabled... 
[info] i  functions: ensuring required API pubsub.googleapis.com is enabled... 
[info] i  functions: ensuring required API storage.googleapis.com is enabled... 
[info] i  functions: generating the service identity for pubsub.googleapis.com... 
[debug] [2026-04-29T17:25:03.537Z] Checked if tokens are valid: true, expires at: 1777486714527
[debug] [2026-04-29T17:25:03.537Z] Checked if tokens are valid: true, expires at: 1777486714527
[info] i  functions: generating the service identity for eventarc.googleapis.com... 
[debug] [2026-04-29T17:25:03.537Z] Checked if tokens are valid: true, expires at: 1777486714527
[debug] [2026-04-29T17:25:03.537Z] Checked if tokens are valid: true, expires at: 1777486714527
[debug] [2026-04-29T17:25:03.537Z] >>> [apiv2][query] POST https://serviceusage.googleapis.com/v1beta1/projects/412821814538/services/pubsub.googleapis.com:generateServiceIdentity [none]
[debug] [2026-04-29T17:25:03.537Z] >>> [apiv2][(partial)header] POST https://serviceusage.googleapis.com/v1beta1/projects/412821814538/services/pubsub.googleapis.com:generateServiceIdentity  x-goog-user-project=412821814538
[debug] [2026-04-29T17:25:03.537Z] >>> [apiv2][body] POST https://serviceusage.googleapis.com/v1beta1/projects/412821814538/services/pubsub.googleapis.com:generateServiceIdentity {}
[debug] [2026-04-29T17:25:03.538Z] >>> [apiv2][query] POST https://serviceusage.googleapis.com/v1beta1/projects/412821814538/services/eventarc.googleapis.com:generateServiceIdentity [none]
[debug] [2026-04-29T17:25:03.538Z] >>> [apiv2][(partial)header] POST https://serviceusage.googleapis.com/v1beta1/projects/412821814538/services/eventarc.googleapis.com:generateServiceIdentity  x-goog-user-project=412821814538
[debug] [2026-04-29T17:25:03.538Z] >>> [apiv2][body] POST https://serviceusage.googleapis.com/v1beta1/projects/412821814538/services/eventarc.googleapis.com:generateServiceIdentity {}
[debug] [2026-04-29T17:25:05.218Z] <<< [apiv2][status] POST https://serviceusage.googleapis.com/v1beta1/projects/412821814538/services/eventarc.googleapis.com:generateServiceIdentity 200
[debug] [2026-04-29T17:25:05.218Z] <<< [apiv2][body] POST https://serviceusage.googleapis.com/v1beta1/projects/412821814538/services/eventarc.googleapis.com:generateServiceIdentity {"name":"operations/finished.DONE_OPERATION","done":true,"response":{"@type":"type.googleapis.com/google.api.serviceusage.v1beta1.ServiceIdentity","email":"service-412821814538@gcp-sa-eventarc.iam.gserviceaccount.com","uniqueId":"107809638121263476072"}}
[debug] [2026-04-29T17:25:05.220Z] <<< [apiv2][status] POST https://serviceusage.googleapis.com/v1beta1/projects/412821814538/services/pubsub.googleapis.com:generateServiceIdentity 200
[debug] [2026-04-29T17:25:05.220Z] <<< [apiv2][body] POST https://serviceusage.googleapis.com/v1beta1/projects/412821814538/services/pubsub.googleapis.com:generateServiceIdentity {"name":"operations/finished.DONE_OPERATION","done":true,"response":{"@type":"type.googleapis.com/google.api.serviceusage.v1beta1.ServiceIdentity","email":"service-412821814538@gcp-sa-pubsub.iam.gserviceaccount.com","uniqueId":"104573428768267204244"}}
[debug] [2026-04-29T17:25:05.231Z] Checked if tokens are valid: true, expires at: 1777486714527
[debug] [2026-04-29T17:25:05.231Z] Checked if tokens are valid: true, expires at: 1777486714527
[debug] [2026-04-29T17:25:05.232Z] >>> [apiv2][query] GET https://cloudresourcemanager.googleapis.com/v1/projects/sari-pos-88979 [none]
[debug] [2026-04-29T17:25:06.217Z] <<< [apiv2][status] GET https://cloudresourcemanager.googleapis.com/v1/projects/sari-pos-88979 200
[debug] [2026-04-29T17:25:06.217Z] <<< [apiv2][body] GET https://cloudresourcemanager.googleapis.com/v1/projects/sari-pos-88979 {"projectNumber":"412821814538","projectId":"sari-pos-88979","lifecycleState":"ACTIVE","name":"sari-pos","labels":{"firebase":"enabled","firebase-core":"disabled"},"createTime":"2026-01-06T02:36:22.829679Z"}
[debug] [2026-04-29T17:25:06.217Z] Checked if tokens are valid: true, expires at: 1777486714527
[debug] [2026-04-29T17:25:06.217Z] Checked if tokens are valid: true, expires at: 1777486714527
[debug] [2026-04-29T17:25:06.217Z] >>> [apiv2][query] GET https://compute.googleapis.com/compute/v1/projects/412821814538 [none]
[debug] [2026-04-29T17:25:06.709Z] <<< [apiv2][status] GET https://compute.googleapis.com/compute/v1/projects/412821814538 403
[debug] [2026-04-29T17:25:06.710Z] <<< [apiv2][body] GET https://compute.googleapis.com/compute/v1/projects/412821814538 {"error":{"code":403,"message":"Compute Engine API has not been used in project 412821814538 before or it is disabled. Enable it by visiting https://console.developers.google.com/apis/api/compute.googleapis.com/overview?project=412821814538 then retry. If you enabled this API recently, wait a few minutes for the action to propagate to our systems and retry.","errors":[{"message":"Compute Engine API has not been used in project 412821814538 before or it is disabled. Enable it by visiting https://console.developers.google.com/apis/api/compute.googleapis.com/overview?project=412821814538 then retry. If you enabled this API recently, wait a few minutes for the action to propagate to our systems and retry.","domain":"usageLimits","reason":"accessNotConfigured","extendedHelp":"https://console.developers.google.com"}],"status":"PERMISSION_DENIED","details":[{"@type":"type.googleapis.com/google.rpc.ErrorInfo","reason":"SERVICE_DISABLED","domain":"googleapis.com","metadata":{"serviceTitle":"Compute Engine API","service":"compute.googleapis.com","containerInfo":"412821814538","activationUrl":"https://console.developers.google.com/apis/api/compute.googleapis.com/overview?project=412821814538","consumer":"projects/412821814538"}},{"@type":"type.googleapis.com/google.rpc.LocalizedMessage","locale":"en-US","message":"Compute Engine API has not been used in project 412821814538 before or it is disabled. Enable it by visiting https://console.developers.google.com/apis/api/compute.googleapis.com/overview?project=412821814538 then retry. If you enabled this API recently, wait a few minutes for the action to propagate to our systems and retry."},{"@type":"type.googleapis.com/google.rpc.Help","links":[{"description":"Google developers console API activation","url":"https://console.developers.google.com/apis/api/compute.googleapis.com/overview?project=412821814538"}]}]}}
[debug] [2026-04-29T17:25:06.710Z] unable to look up default compute service account. Falling back to 412821814538-compute@developer.gserviceaccount.com. Error: {"name":"FirebaseError","children":[],"context":{"body":{"error":{"code":403,"message":"Compute Engine API has not been used in project 412821814538 before or it is disabled. Enable it by visiting https://console.developers.google.com/apis/api/compute.googleapis.com/overview?project=412821814538 then retry. If you enabled this API recently, wait a few minutes for the action to propagate to our systems and retry.","errors":[{"message":"Compute Engine API has not been used in project 412821814538 before or it is disabled. Enable it by visiting https://console.developers.google.com/apis/api/compute.googleapis.com/overview?project=412821814538 then retry. If you enabled this API recently, wait a few minutes for the action to propagate to our systems and retry.","domain":"usageLimits","reason":"accessNotConfigured","extendedHelp":"https://console.developers.google.com"}],"status":"PERMISSION_DENIED","details":[{"@type":"type.googleapis.com/google.rpc.ErrorInfo","reason":"SERVICE_DISABLED","domain":"googleapis.com","metadata":{"serviceTitle":"Compute Engine API","service":"compute.googleapis.com","containerInfo":"412821814538","activationUrl":"https://console.developers.google.com/apis/api/compute.googleapis.com/overview?project=412821814538","consumer":"projects/412821814538"}},{"@type":"type.googleapis.com/google.rpc.LocalizedMessage","locale":"en-US","message":"Compute Engine API has not been used in project 412821814538 before or it is disabled. Enable it by visiting https://console.developers.google.com/apis/api/compute.googleapis.com/overview?project=412821814538 then retry. If you enabled this API recently, wait a few minutes for the action to propagate to our systems and retry."},{"@type":"type.googleapis.com/google.rpc.Help","links":[{"description":"Google developers console API activation","url":"https://console.developers.google.com/apis/api/compute.googleapis.com/overview?project=412821814538"}]}]}},"response":{"statusCode":403}},"exit":1,"message":"Request to https://compute.googleapis.com/compute/v1/projects/412821814538 had HTTP Error: 403, Compute Engine API has not been used in project 412821814538 before or it is disabled. Enable it by visiting https://console.developers.google.com/apis/api/compute.googleapis.com/overview?project=412821814538 then retry. If you enabled this API recently, wait a few minutes for the action to propagate to our systems and retry.","status":403}
[debug] [2026-04-29T17:25:06.711Z] Checked if tokens are valid: true, expires at: 1777486714527
[debug] [2026-04-29T17:25:06.711Z] Checked if tokens are valid: true, expires at: 1777486714527
[debug] [2026-04-29T17:25:06.711Z] >>> [apiv2][query] GET https://compute.googleapis.com/compute/v1/projects/412821814538 [none]
[debug] [2026-04-29T17:25:07.013Z] <<< [apiv2][status] GET https://compute.googleapis.com/compute/v1/projects/412821814538 403
[debug] [2026-04-29T17:25:07.013Z] <<< [apiv2][body] GET https://compute.googleapis.com/compute/v1/projects/412821814538 {"error":{"code":403,"message":"Compute Engine API has not been used in project 412821814538 before or it is disabled. Enable it by visiting https://console.developers.google.com/apis/api/compute.googleapis.com/overview?project=412821814538 then retry. If you enabled this API recently, wait a few minutes for the action to propagate to our systems and retry.","errors":[{"message":"Compute Engine API has not been used in project 412821814538 before or it is disabled. Enable it by visiting https://console.developers.google.com/apis/api/compute.googleapis.com/overview?project=412821814538 then retry. If you enabled this API recently, wait a few minutes for the action to propagate to our systems and retry.","domain":"usageLimits","reason":"accessNotConfigured","extendedHelp":"https://console.developers.google.com"}],"status":"PERMISSION_DENIED","details":[{"@type":"type.googleapis.com/google.rpc.ErrorInfo","reason":"SERVICE_DISABLED","domain":"googleapis.com","metadata":{"containerInfo":"412821814538","consumer":"projects/412821814538","serviceTitle":"Compute Engine API","activationUrl":"https://console.developers.google.com/apis/api/compute.googleapis.com/overview?project=412821814538","service":"compute.googleapis.com"}},{"@type":"type.googleapis.com/google.rpc.LocalizedMessage","locale":"en-US","message":"Compute Engine API has not been used in project 412821814538 before or it is disabled. Enable it by visiting https://console.developers.google.com/apis/api/compute.googleapis.com/overview?project=412821814538 then retry. If you enabled this API recently, wait a few minutes for the action to propagate to our systems and retry."},{"@type":"type.googleapis.com/google.rpc.Help","links":[{"description":"Google developers console API activation","url":"https://console.developers.google.com/apis/api/compute.googleapis.com/overview?project=412821814538"}]}]}}
[debug] [2026-04-29T17:25:07.013Z] unable to look up default compute service account. Falling back to 412821814538-compute@developer.gserviceaccount.com. Error: {"name":"FirebaseError","children":[],"context":{"body":{"error":{"code":403,"message":"Compute Engine API has not been used in project 412821814538 before or it is disabled. Enable it by visiting https://console.developers.google.com/apis/api/compute.googleapis.com/overview?project=412821814538 then retry. If you enabled this API recently, wait a few minutes for the action to propagate to our systems and retry.","errors":[{"message":"Compute Engine API has not been used in project 412821814538 before or it is disabled. Enable it by visiting https://console.developers.google.com/apis/api/compute.googleapis.com/overview?project=412821814538 then retry. If you enabled this API recently, wait a few minutes for the action to propagate to our systems and retry.","domain":"usageLimits","reason":"accessNotConfigured","extendedHelp":"https://console.developers.google.com"}],"status":"PERMISSION_DENIED","details":[{"@type":"type.googleapis.com/google.rpc.ErrorInfo","reason":"SERVICE_DISABLED","domain":"googleapis.com","metadata":{"containerInfo":"412821814538","consumer":"projects/412821814538","serviceTitle":"Compute Engine API","activationUrl":"https://console.developers.google.com/apis/api/compute.googleapis.com/overview?project=412821814538","service":"compute.googleapis.com"}},{"@type":"type.googleapis.com/google.rpc.LocalizedMessage","locale":"en-US","message":"Compute Engine API has not been used in project 412821814538 before or it is disabled. Enable it by visiting https://console.developers.google.com/apis/api/compute.googleapis.com/overview?project=412821814538 then retry. If you enabled this API recently, wait a few minutes for the action to propagate to our systems and retry."},{"@type":"type.googleapis.com/google.rpc.Help","links":[{"description":"Google developers console API activation","url":"https://console.developers.google.com/apis/api/compute.googleapis.com/overview?project=412821814538"}]}]}},"response":{"statusCode":403}},"exit":1,"message":"Request to https://compute.googleapis.com/compute/v1/projects/412821814538 had HTTP Error: 403, Compute Engine API has not been used in project 412821814538 before or it is disabled. Enable it by visiting https://console.developers.google.com/apis/api/compute.googleapis.com/overview?project=412821814538 then retry. If you enabled this API recently, wait a few minutes for the action to propagate to our systems and retry.","status":403}
[debug] [2026-04-29T17:25:07.013Z] Checked if tokens are valid: true, expires at: 1777486714527
[debug] [2026-04-29T17:25:07.013Z] Checked if tokens are valid: true, expires at: 1777486714527
[debug] [2026-04-29T17:25:07.013Z] >>> [apiv2][query] GET https://compute.googleapis.com/compute/v1/projects/412821814538 [none]
[debug] [2026-04-29T17:25:07.316Z] <<< [apiv2][status] GET https://compute.googleapis.com/compute/v1/projects/412821814538 403
[debug] [2026-04-29T17:25:07.316Z] <<< [apiv2][body] GET https://compute.googleapis.com/compute/v1/projects/412821814538 {"error":{"code":403,"message":"Compute Engine API has not been used in project 412821814538 before or it is disabled. Enable it by visiting https://console.developers.google.com/apis/api/compute.googleapis.com/overview?project=412821814538 then retry. If you enabled this API recently, wait a few minutes for the action to propagate to our systems and retry.","errors":[{"message":"Compute Engine API has not been used in project 412821814538 before or it is disabled. Enable it by visiting https://console.developers.google.com/apis/api/compute.googleapis.com/overview?project=412821814538 then retry. If you enabled this API recently, wait a few minutes for the action to propagate to our systems and retry.","domain":"usageLimits","reason":"accessNotConfigured","extendedHelp":"https://console.developers.google.com"}],"status":"PERMISSION_DENIED","details":[{"@type":"type.googleapis.com/google.rpc.ErrorInfo","reason":"SERVICE_DISABLED","domain":"googleapis.com","metadata":{"consumer":"projects/412821814538","serviceTitle":"Compute Engine API","activationUrl":"https://console.developers.google.com/apis/api/compute.googleapis.com/overview?project=412821814538","service":"compute.googleapis.com","containerInfo":"412821814538"}},{"@type":"type.googleapis.com/google.rpc.LocalizedMessage","locale":"en-US","message":"Compute Engine API has not been used in project 412821814538 before or it is disabled. Enable it by visiting https://console.developers.google.com/apis/api/compute.googleapis.com/overview?project=412821814538 then retry. If you enabled this API recently, wait a few minutes for the action to propagate to our systems and retry."},{"@type":"type.googleapis.com/google.rpc.Help","links":[{"description":"Google developers console API activation","url":"https://console.developers.google.com/apis/api/compute.googleapis.com/overview?project=412821814538"}]}]}}
[debug] [2026-04-29T17:25:07.316Z] unable to look up default compute service account. Falling back to 412821814538-compute@developer.gserviceaccount.com. Error: {"name":"FirebaseError","children":[],"context":{"body":{"error":{"code":403,"message":"Compute Engine API has not been used in project 412821814538 before or it is disabled. Enable it by visiting https://console.developers.google.com/apis/api/compute.googleapis.com/overview?project=412821814538 then retry. If you enabled this API recently, wait a few minutes for the action to propagate to our systems and retry.","errors":[{"message":"Compute Engine API has not been used in project 412821814538 before or it is disabled. Enable it by visiting https://console.developers.google.com/apis/api/compute.googleapis.com/overview?project=412821814538 then retry. If you enabled this API recently, wait a few minutes for the action to propagate to our systems and retry.","domain":"usageLimits","reason":"accessNotConfigured","extendedHelp":"https://console.developers.google.com"}],"status":"PERMISSION_DENIED","details":[{"@type":"type.googleapis.com/google.rpc.ErrorInfo","reason":"SERVICE_DISABLED","domain":"googleapis.com","metadata":{"consumer":"projects/412821814538","serviceTitle":"Compute Engine API","activationUrl":"https://console.developers.google.com/apis/api/compute.googleapis.com/overview?project=412821814538","service":"compute.googleapis.com","containerInfo":"412821814538"}},{"@type":"type.googleapis.com/google.rpc.LocalizedMessage","locale":"en-US","message":"Compute Engine API has not been used in project 412821814538 before or it is disabled. Enable it by visiting https://console.developers.google.com/apis/api/compute.googleapis.com/overview?project=412821814538 then retry. If you enabled this API recently, wait a few minutes for the action to propagate to our systems and retry."},{"@type":"type.googleapis.com/google.rpc.Help","links":[{"description":"Google developers console API activation","url":"https://console.developers.google.com/apis/api/compute.googleapis.com/overview?project=412821814538"}]}]}},"response":{"statusCode":403}},"exit":1,"message":"Request to https://compute.googleapis.com/compute/v1/projects/412821814538 had HTTP Error: 403, Compute Engine API has not been used in project 412821814538 before or it is disabled. Enable it by visiting https://console.developers.google.com/apis/api/compute.googleapis.com/overview?project=412821814538 then retry. If you enabled this API recently, wait a few minutes for the action to propagate to our systems and retry.","status":403}
[debug] [2026-04-29T17:25:07.316Z] Checked if tokens are valid: true, expires at: 1777486714527
[debug] [2026-04-29T17:25:07.316Z] Checked if tokens are valid: true, expires at: 1777486714527
[debug] [2026-04-29T17:25:07.317Z] >>> [apiv2][query] GET https://compute.googleapis.com/compute/v1/projects/412821814538 [none]
[debug] [2026-04-29T17:25:07.620Z] <<< [apiv2][status] GET https://compute.googleapis.com/compute/v1/projects/412821814538 403
[debug] [2026-04-29T17:25:07.620Z] <<< [apiv2][body] GET https://compute.googleapis.com/compute/v1/projects/412821814538 {"error":{"code":403,"message":"Compute Engine API has not been used in project 412821814538 before or it is disabled. Enable it by visiting https://console.developers.google.com/apis/api/compute.googleapis.com/overview?project=412821814538 then retry. If you enabled this API recently, wait a few minutes for the action to propagate to our systems and retry.","errors":[{"message":"Compute Engine API has not been used in project 412821814538 before or it is disabled. Enable it by visiting https://console.developers.google.com/apis/api/compute.googleapis.com/overview?project=412821814538 then retry. If you enabled this API recently, wait a few minutes for the action to propagate to our systems and retry.","domain":"usageLimits","reason":"accessNotConfigured","extendedHelp":"https://console.developers.google.com"}],"status":"PERMISSION_DENIED","details":[{"@type":"type.googleapis.com/google.rpc.ErrorInfo","reason":"SERVICE_DISABLED","domain":"googleapis.com","metadata":{"containerInfo":"412821814538","activationUrl":"https://console.developers.google.com/apis/api/compute.googleapis.com/overview?project=412821814538","serviceTitle":"Compute Engine API","service":"compute.googleapis.com","consumer":"projects/412821814538"}},{"@type":"type.googleapis.com/google.rpc.LocalizedMessage","locale":"en-US","message":"Compute Engine API has not been used in project 412821814538 before or it is disabled. Enable it by visiting https://console.developers.google.com/apis/api/compute.googleapis.com/overview?project=412821814538 then retry. If you enabled this API recently, wait a few minutes for the action to propagate to our systems and retry."},{"@type":"type.googleapis.com/google.rpc.Help","links":[{"description":"Google developers console API activation","url":"https://console.developers.google.com/apis/api/compute.googleapis.com/overview?project=412821814538"}]}]}}
[debug] [2026-04-29T17:25:07.620Z] unable to look up default compute service account. Falling back to 412821814538-compute@developer.gserviceaccount.com. Error: {"name":"FirebaseError","children":[],"context":{"body":{"error":{"code":403,"message":"Compute Engine API has not been used in project 412821814538 before or it is disabled. Enable it by visiting https://console.developers.google.com/apis/api/compute.googleapis.com/overview?project=412821814538 then retry. If you enabled this API recently, wait a few minutes for the action to propagate to our systems and retry.","errors":[{"message":"Compute Engine API has not been used in project 412821814538 before or it is disabled. Enable it by visiting https://console.developers.google.com/apis/api/compute.googleapis.com/overview?project=412821814538 then retry. If you enabled this API recently, wait a few minutes for the action to propagate to our systems and retry.","domain":"usageLimits","reason":"accessNotConfigured","extendedHelp":"https://console.developers.google.com"}],"status":"PERMISSION_DENIED","details":[{"@type":"type.googleapis.com/google.rpc.ErrorInfo","reason":"SERVICE_DISABLED","domain":"googleapis.com","metadata":{"containerInfo":"412821814538","activationUrl":"https://console.developers.google.com/apis/api/compute.googleapis.com/overview?project=412821814538","serviceTitle":"Compute Engine API","service":"compute.googleapis.com","consumer":"projects/412821814538"}},{"@type":"type.googleapis.com/google.rpc.LocalizedMessage","locale":"en-US","message":"Compute Engine API has not been used in project 412821814538 before or it is disabled. Enable it by visiting https://console.developers.google.com/apis/api/compute.googleapis.com/overview?project=412821814538 then retry. If you enabled this API recently, wait a few minutes for the action to propagate to our systems and retry."},{"@type":"type.googleapis.com/google.rpc.Help","links":[{"description":"Google developers console API activation","url":"https://console.developers.google.com/apis/api/compute.googleapis.com/overview?project=412821814538"}]}]}},"response":{"statusCode":403}},"exit":1,"message":"Request to https://compute.googleapis.com/compute/v1/projects/412821814538 had HTTP Error: 403, Compute Engine API has not been used in project 412821814538 before or it is disabled. Enable it by visiting https://console.developers.google.com/apis/api/compute.googleapis.com/overview?project=412821814538 then retry. If you enabled this API recently, wait a few minutes for the action to propagate to our systems and retry.","status":403}
[debug] [2026-04-29T17:25:07.620Z] Checked if tokens are valid: true, expires at: 1777486714527
[debug] [2026-04-29T17:25:07.621Z] Checked if tokens are valid: true, expires at: 1777486714527
[debug] [2026-04-29T17:25:07.621Z] >>> [apiv2][query] GET https://compute.googleapis.com/compute/v1/projects/412821814538 [none]
[debug] [2026-04-29T17:25:07.904Z] <<< [apiv2][status] GET https://compute.googleapis.com/compute/v1/projects/412821814538 403
[debug] [2026-04-29T17:25:07.904Z] <<< [apiv2][body] GET https://compute.googleapis.com/compute/v1/projects/412821814538 {"error":{"code":403,"message":"Compute Engine API has not been used in project 412821814538 before or it is disabled. Enable it by visiting https://console.developers.google.com/apis/api/compute.googleapis.com/overview?project=412821814538 then retry. If you enabled this API recently, wait a few minutes for the action to propagate to our systems and retry.","errors":[{"message":"Compute Engine API has not been used in project 412821814538 before or it is disabled. Enable it by visiting https://console.developers.google.com/apis/api/compute.googleapis.com/overview?project=412821814538 then retry. If you enabled this API recently, wait a few minutes for the action to propagate to our systems and retry.","domain":"usageLimits","reason":"accessNotConfigured","extendedHelp":"https://console.developers.google.com"}],"status":"PERMISSION_DENIED","details":[{"@type":"type.googleapis.com/google.rpc.ErrorInfo","reason":"SERVICE_DISABLED","domain":"googleapis.com","metadata":{"activationUrl":"https://console.developers.google.com/apis/api/compute.googleapis.com/overview?project=412821814538","consumer":"projects/412821814538","service":"compute.googleapis.com","containerInfo":"412821814538","serviceTitle":"Compute Engine API"}},{"@type":"type.googleapis.com/google.rpc.LocalizedMessage","locale":"en-US","message":"Compute Engine API has not been used in project 412821814538 before or it is disabled. Enable it by visiting https://console.developers.google.com/apis/api/compute.googleapis.com/overview?project=412821814538 then retry. If you enabled this API recently, wait a few minutes for the action to propagate to our systems and retry."},{"@type":"type.googleapis.com/google.rpc.Help","links":[{"description":"Google developers console API activation","url":"https://console.developers.google.com/apis/api/compute.googleapis.com/overview?project=412821814538"}]}]}}
[debug] [2026-04-29T17:25:07.904Z] unable to look up default compute service account. Falling back to 412821814538-compute@developer.gserviceaccount.com. Error: {"name":"FirebaseError","children":[],"context":{"body":{"error":{"code":403,"message":"Compute Engine API has not been used in project 412821814538 before or it is disabled. Enable it by visiting https://console.developers.google.com/apis/api/compute.googleapis.com/overview?project=412821814538 then retry. If you enabled this API recently, wait a few minutes for the action to propagate to our systems and retry.","errors":[{"message":"Compute Engine API has not been used in project 412821814538 before or it is disabled. Enable it by visiting https://console.developers.google.com/apis/api/compute.googleapis.com/overview?project=412821814538 then retry. If you enabled this API recently, wait a few minutes for the action to propagate to our systems and retry.","domain":"usageLimits","reason":"accessNotConfigured","extendedHelp":"https://console.developers.google.com"}],"status":"PERMISSION_DENIED","details":[{"@type":"type.googleapis.com/google.rpc.ErrorInfo","reason":"SERVICE_DISABLED","domain":"googleapis.com","metadata":{"activationUrl":"https://console.developers.google.com/apis/api/compute.googleapis.com/overview?project=412821814538","consumer":"projects/412821814538","service":"compute.googleapis.com","containerInfo":"412821814538","serviceTitle":"Compute Engine API"}},{"@type":"type.googleapis.com/google.rpc.LocalizedMessage","locale":"en-US","message":"Compute Engine API has not been used in project 412821814538 before or it is disabled. Enable it by visiting https://console.developers.google.com/apis/api/compute.googleapis.com/overview?project=412821814538 then retry. If you enabled this API recently, wait a few minutes for the action to propagate to our systems and retry."},{"@type":"type.googleapis.com/google.rpc.Help","links":[{"description":"Google developers console API activation","url":"https://console.developers.google.com/apis/api/compute.googleapis.com/overview?project=412821814538"}]}]}},"response":{"statusCode":403}},"exit":1,"message":"Request to https://compute.googleapis.com/compute/v1/projects/412821814538 had HTTP Error: 403, Compute Engine API has not been used in project 412821814538 before or it is disabled. Enable it by visiting https://console.developers.google.com/apis/api/compute.googleapis.com/overview?project=412821814538 then retry. If you enabled this API recently, wait a few minutes for the action to propagate to our systems and retry.","status":403}
[debug] [2026-04-29T17:25:07.905Z] Checked if tokens are valid: true, expires at: 1777486714527
[debug] [2026-04-29T17:25:07.905Z] Checked if tokens are valid: true, expires at: 1777486714527
[debug] [2026-04-29T17:25:07.905Z] >>> [apiv2][query] GET https://compute.googleapis.com/compute/v1/projects/412821814538 [none]
[debug] [2026-04-29T17:25:08.192Z] <<< [apiv2][status] GET https://compute.googleapis.com/compute/v1/projects/412821814538 403
[debug] [2026-04-29T17:25:08.193Z] <<< [apiv2][body] GET https://compute.googleapis.com/compute/v1/projects/412821814538 {"error":{"code":403,"message":"Compute Engine API has not been used in project 412821814538 before or it is disabled. Enable it by visiting https://console.developers.google.com/apis/api/compute.googleapis.com/overview?project=412821814538 then retry. If you enabled this API recently, wait a few minutes for the action to propagate to our systems and retry.","errors":[{"message":"Compute Engine API has not been used in project 412821814538 before or it is disabled. Enable it by visiting https://console.developers.google.com/apis/api/compute.googleapis.com/overview?project=412821814538 then retry. If you enabled this API recently, wait a few minutes for the action to propagate to our systems and retry.","domain":"usageLimits","reason":"accessNotConfigured","extendedHelp":"https://console.developers.google.com"}],"status":"PERMISSION_DENIED","details":[{"@type":"type.googleapis.com/google.rpc.ErrorInfo","reason":"SERVICE_DISABLED","domain":"googleapis.com","metadata":{"serviceTitle":"Compute Engine API","activationUrl":"https://console.developers.google.com/apis/api/compute.googleapis.com/overview?project=412821814538","containerInfo":"412821814538","consumer":"projects/412821814538","service":"compute.googleapis.com"}},{"@type":"type.googleapis.com/google.rpc.LocalizedMessage","locale":"en-US","message":"Compute Engine API has not been used in project 412821814538 before or it is disabled. Enable it by visiting https://console.developers.google.com/apis/api/compute.googleapis.com/overview?project=412821814538 then retry. If you enabled this API recently, wait a few minutes for the action to propagate to our systems and retry."},{"@type":"type.googleapis.com/google.rpc.Help","links":[{"description":"Google developers console API activation","url":"https://console.developers.google.com/apis/api/compute.googleapis.com/overview?project=412821814538"}]}]}}
[debug] [2026-04-29T17:25:08.193Z] unable to look up default compute service account. Falling back to 412821814538-compute@developer.gserviceaccount.com. Error: {"name":"FirebaseError","children":[],"context":{"body":{"error":{"code":403,"message":"Compute Engine API has not been used in project 412821814538 before or it is disabled. Enable it by visiting https://console.developers.google.com/apis/api/compute.googleapis.com/overview?project=412821814538 then retry. If you enabled this API recently, wait a few minutes for the action to propagate to our systems and retry.","errors":[{"message":"Compute Engine API has not been used in project 412821814538 before or it is disabled. Enable it by visiting https://console.developers.google.com/apis/api/compute.googleapis.com/overview?project=412821814538 then retry. If you enabled this API recently, wait a few minutes for the action to propagate to our systems and retry.","domain":"usageLimits","reason":"accessNotConfigured","extendedHelp":"https://console.developers.google.com"}],"status":"PERMISSION_DENIED","details":[{"@type":"type.googleapis.com/google.rpc.ErrorInfo","reason":"SERVICE_DISABLED","domain":"googleapis.com","metadata":{"serviceTitle":"Compute Engine API","activationUrl":"https://console.developers.google.com/apis/api/compute.googleapis.com/overview?project=412821814538","containerInfo":"412821814538","consumer":"projects/412821814538","service":"compute.googleapis.com"}},{"@type":"type.googleapis.com/google.rpc.LocalizedMessage","locale":"en-US","message":"Compute Engine API has not been used in project 412821814538 before or it is disabled. Enable it by visiting https://console.developers.google.com/apis/api/compute.googleapis.com/overview?project=412821814538 then retry. If you enabled this API recently, wait a few minutes for the action to propagate to our systems and retry."},{"@type":"type.googleapis.com/google.rpc.Help","links":[{"description":"Google developers console API activation","url":"https://console.developers.google.com/apis/api/compute.googleapis.com/overview?project=412821814538"}]}]}},"response":{"statusCode":403}},"exit":1,"message":"Request to https://compute.googleapis.com/compute/v1/projects/412821814538 had HTTP Error: 403, Compute Engine API has not been used in project 412821814538 before or it is disabled. Enable it by visiting https://console.developers.google.com/apis/api/compute.googleapis.com/overview?project=412821814538 then retry. If you enabled this API recently, wait a few minutes for the action to propagate to our systems and retry.","status":403}
[debug] [2026-04-29T17:25:08.198Z] Checked if tokens are valid: true, expires at: 1777486714527
[debug] [2026-04-29T17:25:08.198Z] Checked if tokens are valid: true, expires at: 1777486714527
[debug] [2026-04-29T17:25:08.198Z] >>> [apiv2][query] POST https://firebasehosting.googleapis.com/v1beta1/projects/-/sites/sari-pos-88979/versions [none]
[debug] [2026-04-29T17:25:08.198Z] >>> [apiv2][body] POST https://firebasehosting.googleapis.com/v1beta1/projects/-/sites/sari-pos-88979/versions {"status":"CREATED","labels":{"deployment-tool":"cli-firebase"}}
[debug] [2026-04-29T17:25:09.902Z] <<< [apiv2][status] POST https://firebasehosting.googleapis.com/v1beta1/projects/-/sites/sari-pos-88979/versions 200
[debug] [2026-04-29T17:25:09.902Z] <<< [apiv2][body] POST https://firebasehosting.googleapis.com/v1beta1/projects/-/sites/sari-pos-88979/versions {"name":"projects/412821814538/sites/sari-pos-88979/versions/b77d81c2664776fd","status":"CREATED","config":{},"labels":{"deployment-tool":"cli-firebase"}}
[debug] [2026-04-29T17:25:09.903Z] Checked if tokens are valid: true, expires at: 1777486714527
[debug] [2026-04-29T17:25:09.903Z] Checked if tokens are valid: true, expires at: 1777486714527
[debug] [2026-04-29T17:25:09.903Z] >>> [apiv2][query] GET https://firebaserules.googleapis.com/v1/projects/sari-pos-88979/releases pageSize=10&pageToken=
[debug] [2026-04-29T17:25:11.477Z] <<< [apiv2][status] GET https://firebaserules.googleapis.com/v1/projects/sari-pos-88979/releases 200
[debug] [2026-04-29T17:25:11.477Z] <<< [apiv2][body] GET https://firebaserules.googleapis.com/v1/projects/sari-pos-88979/releases {"releases":[{"name":"projects/sari-pos-88979/releases/cloud.firestore","rulesetName":"projects/sari-pos-88979/rulesets/65cd6b5c-9c41-47b0-8893-a368668ab26e","createTime":"2026-01-22T04:05:33.564714Z","updateTime":"2026-02-22T13:24:55.797981Z"},{"name":"projects/sari-pos-88979/releases/firebase.storage/sari-pos-88979.firebasestorage.app","rulesetName":"projects/sari-pos-88979/rulesets/95834599-87b2-4383-9811-95151fc5b438","createTime":"2026-02-22T13:30:34.456756Z","updateTime":"2026-02-22T14:07:10.950129Z"}]}
[debug] [2026-04-29T17:25:11.491Z] Checked if tokens are valid: true, expires at: 1777486714527
[debug] [2026-04-29T17:25:11.491Z] Checked if tokens are valid: true, expires at: 1777486714527
[debug] [2026-04-29T17:25:11.491Z] >>> [apiv2][query] GET https://firebaserules.googleapis.com/v1/projects/sari-pos-88979/rulesets/65cd6b5c-9c41-47b0-8893-a368668ab26e [none]
[debug] [2026-04-29T17:25:12.872Z] <<< [apiv2][status] GET https://firebaserules.googleapis.com/v1/projects/sari-pos-88979/rulesets/65cd6b5c-9c41-47b0-8893-a368668ab26e 200
[debug] [2026-04-29T17:25:12.872Z] <<< [apiv2][body] GET https://firebaserules.googleapis.com/v1/projects/sari-pos-88979/rulesets/65cd6b5c-9c41-47b0-8893-a368668ab26e [omitted]
[info] i  firestore: deploying indexes... 
[debug] [2026-04-29T17:25:12.874Z] Checked if tokens are valid: true, expires at: 1777486714527
[debug] [2026-04-29T17:25:12.874Z] Checked if tokens are valid: true, expires at: 1777486714527
[debug] [2026-04-29T17:25:12.874Z] >>> [apiv2][query] GET https://firestore.googleapis.com/v1/projects/sari-pos-88979/databases/(default)/collectionGroups/-/indexes [none]
[debug] [2026-04-29T17:25:14.250Z] <<< [apiv2][status] GET https://firestore.googleapis.com/v1/projects/sari-pos-88979/databases/(default)/collectionGroups/-/indexes 200
[debug] [2026-04-29T17:25:14.250Z] <<< [apiv2][body] GET https://firestore.googleapis.com/v1/projects/sari-pos-88979/databases/(default)/collectionGroups/-/indexes {"indexes":[{"name":"projects/sari-pos-88979/databases/(default)/collectionGroups/inventoryTransactions/indexes/CICAgNiav4AK","queryScope":"COLLECTION","fields":[{"fieldPath":"storeId","order":"ASCENDING"},{"fieldPath":"productId","order":"ASCENDING"},{"fieldPath":"createdAt","order":"DESCENDING"},{"fieldPath":"__name__","order":"DESCENDING"}],"state":"READY","density":"SPARSE_ALL"},{"name":"projects/sari-pos-88979/databases/(default)/collectionGroups/ewalletTransactions/indexes/CICAgJim14AK","queryScope":"COLLECTION","fields":[{"fieldPath":"storeId","order":"ASCENDING"},{"fieldPath":"createdAt","order":"DESCENDING"},{"fieldPath":"__name__","order":"DESCENDING"}],"state":"READY","density":"SPARSE_ALL"},{"name":"projects/sari-pos-88979/databases/(default)/collectionGroups/inventoryTransactions/indexes/CICAgOjXh4EK","queryScope":"COLLECTION","fields":[{"fieldPath":"productId","order":"ASCENDING"},{"fieldPath":"createdAt","order":"DESCENDING"},{"fieldPath":"__name__","order":"DESCENDING"}],"state":"READY","density":"SPARSE_ALL"},{"name":"projects/sari-pos-88979/databases/(default)/collectionGroups/sales/indexes/CICAgJj7z4EK","queryScope":"COLLECTION","fields":[{"fieldPath":"storeId","order":"ASCENDING"},{"fieldPath":"createdAt","order":"DESCENDING"},{"fieldPath":"__name__","order":"DESCENDING"}],"state":"READY","density":"SPARSE_ALL"},{"name":"projects/sari-pos-88979/databases/(default)/collectionGroups/marketData/indexes/CICAgNjpgYIK","queryScope":"COLLECTION","fields":[{"fieldPath":"month","order":"ASCENDING"},{"fieldPath":"createdAt","order":"DESCENDING"},{"fieldPath":"__name__","order":"DESCENDING"}],"state":"READY","density":"SPARSE_ALL"},{"name":"projects/sari-pos-88979/databases/(default)/collectionGroups/categories/indexes/CICAgJjF9oIK","queryScope":"COLLECTION","fields":[{"fieldPath":"storeId","order":"ASCENDING"},{"fieldPath":"name","order":"ASCENDING"},{"fieldPath":"__name__","order":"ASCENDING"}],"state":"READY","density":"SPARSE_ALL"},{"name":"projects/sari-pos-88979/databases/(default)/collectionGroups/products/indexes/CICAgJiUpoMK","queryScope":"COLLECTION","fields":[{"fieldPath":"storeId","order":"ASCENDING"},{"fieldPath":"name","order":"ASCENDING"},{"fieldPath":"__name__","order":"ASCENDING"}],"state":"READY","density":"SPARSE_ALL"},{"name":"projects/sari-pos-88979/databases/(default)/collectionGroups/sales/indexes/CICAgNi47oMK","queryScope":"COLLECTION","fields":[{"fieldPath":"storeId","order":"ASCENDING"},{"fieldPath":"createdAt","order":"ASCENDING"},{"fieldPath":"__name__","order":"ASCENDING"}],"state":"READY","density":"SPARSE_ALL"},{"name":"projects/sari-pos-88979/databases/(default)/collectionGroups/cashinTransactions/indexes/CICAgNja0ogK","queryScope":"COLLECTION","fields":[{"fieldPath":"storeId","order":"ASCENDING"},{"fieldPath":"createdAt","order":"DESCENDING"},{"fieldPath":"__name__","order":"DESCENDING"}],"state":"READY","density":"SPARSE_ALL"},{"name":"projects/sari-pos-88979/databases/(default)/collectionGroups/inventoryTransactions/indexes/CICAgJiHgokK","queryScope":"COLLECTION","fields":[{"fieldPath":"storeId","order":"ASCENDING"},{"fieldPath":"createdAt","order":"DESCENDING"},{"fieldPath":"__name__","order":"DESCENDING"}],"state":"READY","density":"SPARSE_ALL"},{"name":"projects/sari-pos-88979/databases/(default)/collectionGroups/customerSubscriptions/indexes/CICAgOi39IkK","queryScope":"COLLECTION","fields":[{"fieldPath":"ownerEmail","order":"ASCENDING"},{"fieldPath":"createdAt","order":"DESCENDING"},{"fieldPath":"__name__","order":"DESCENDING"}],"state":"READY","density":"SPARSE_ALL"},{"name":"projects/sari-pos-88979/databases/(default)/collectionGroups/utang/indexes/CICAgJjFvYoK","queryScope":"COLLECTION","fields":[{"fieldPath":"status","order":"ASCENDING"},{"fieldPath":"createdAt","order":"DESCENDING"},{"fieldPath":"__name__","order":"DESCENDING"}],"state":"READY","density":"SPARSE_ALL"},{"name":"projects/sari-pos-88979/databases/(default)/collectionGroups/utang/indexes/CICAgNi4o4sK","queryScope":"COLLECTION","fields":[{"fieldPath":"storeId","order":"ASCENDING"},{"fieldPath":"status","order":"ASCENDING"},{"fieldPath":"createdAt","order":"DESCENDING"},{"fieldPath":"__name__","order":"DESCENDING"}],"state":"READY","density":"SPARSE_ALL"},{"name":"projects/sari-pos-88979/databases/(default)/collectionGroups/customerSubscriptions/indexes/CICAgOi3kJAK","queryScope":"COLLECTION","fields":[{"fieldPath":"externalId","order":"ASCENDING"},{"fieldPath":"createdAt","order":"DESCENDING"},{"fieldPath":"__name__","order":"DESCENDING"}],"state":"READY","density":"SPARSE_ALL"},{"name":"projects/sari-pos-88979/databases/(default)/collectionGroups/products/indexes/CICAgJiH2JAK","queryScope":"COLLECTION","fields":[{"fieldPath":"storeId","order":"ASCENDING"},{"fieldPath":"barcode","order":"ASCENDING"},{"fieldPath":"__name__","order":"ASCENDING"}],"state":"READY","density":"SPARSE_ALL"},{"name":"projects/sari-pos-88979/databases/(default)/collectionGroups/utangPayments/indexes/CICAgJjmiJEK","queryScope":"COLLECTION","fields":[{"fieldPath":"utangId","order":"ASCENDING"},{"fieldPath":"createdAt","order":"DESCENDING"},{"fieldPath":"__name__","order":"DESCENDING"}],"state":"READY","density":"SPARSE_ALL"},{"name":"projects/sari-pos-88979/databases/(default)/collectionGroups/storeUsers/indexes/CICAgNjaxJEK","queryScope":"COLLECTION","fields":[{"fieldPath":"externalId","order":"ASCENDING"},{"fieldPath":"createdAt","order":"ASCENDING"},{"fieldPath":"__name__","order":"ASCENDING"}],"state":"READY","density":"SPARSE_ALL"},{"name":"projects/sari-pos-88979/databases/(default)/collectionGroups/ewalletTransactions/indexes/CICAgJiUsZIK","queryScope":"COLLECTION","fields":[{"fieldPath":"storeId","order":"ASCENDING"},{"fieldPath":"createdAt","order":"ASCENDING"},{"fieldPath":"__name__","order":"ASCENDING"}],"state":"READY","density":"SPARSE_ALL"},{"name":"projects/sari-pos-88979/databases/(default)/collectionGroups/utang/indexes/CICAgNi4-ZIK","queryScope":"COLLECTION","fields":[{"fieldPath":"storeId","order":"ASCENDING"},{"fieldPath":"createdAt","order":"DESCENDING"},{"fieldPath":"__name__","order":"DESCENDING"}],"state":"READY","density":"SPARSE_ALL"},{"name":"projects/sari-pos-88979/databases/(default)/collectionGroups/loyaltyCustomers/indexes/CICAgJjFqZMK","queryScope":"COLLECTION","fields":[{"fieldPath":"storeId","order":"ASCENDING"},{"fieldPath":"name","order":"ASCENDING"},{"fieldPath":"__name__","order":"ASCENDING"}],"state":"READY","density":"SPARSE_ALL"},{"name":"projects/sari-pos-88979/databases/(default)/collectionGroups/marketData/indexes/CICAgNi4t5oK","queryScope":"COLLECTION","fields":[{"fieldPath":"city","order":"ASCENDING"},{"fieldPath":"createdAt","order":"DESCENDING"},{"fieldPath":"__name__","order":"DESCENDING"}],"state":"READY","density":"SPARSE_ALL"}]}
[debug] [2026-04-29T17:25:14.250Z] Checked if tokens are valid: true, expires at: 1777486714527
[debug] [2026-04-29T17:25:14.250Z] Checked if tokens are valid: true, expires at: 1777486714527
[debug] [2026-04-29T17:25:14.251Z] >>> [apiv2][query] GET https://firestore.googleapis.com/v1/projects/sari-pos-88979/databases/(default)/collectionGroups/-/fields?filter=indexConfig.usesAncestorConfig=false OR ttlConfig:* [none]
[debug] [2026-04-29T17:25:14.619Z] <<< [apiv2][status] GET https://firestore.googleapis.com/v1/projects/sari-pos-88979/databases/(default)/collectionGroups/-/fields?filter=indexConfig.usesAncestorConfig=false OR ttlConfig:* 200
[debug] [2026-04-29T17:25:14.619Z] <<< [apiv2][body] GET https://firestore.googleapis.com/v1/projects/sari-pos-88979/databases/(default)/collectionGroups/-/fields?filter=indexConfig.usesAncestorConfig=false OR ttlConfig:* {"fields":[{"name":"projects/sari-pos-88979/databases/(default)/collectionGroups/__default__/fields/*","indexConfig":{"indexes":[{"queryScope":"COLLECTION","fields":[{"fieldPath":"*","order":"ASCENDING"}],"state":"READY"},{"queryScope":"COLLECTION","fields":[{"fieldPath":"*","order":"DESCENDING"}],"state":"READY"},{"queryScope":"COLLECTION","fields":[{"fieldPath":"*","arrayConfig":"CONTAINS"}],"state":"READY"}]}}]}
[debug] [2026-04-29T17:25:14.620Z] Checked if tokens are valid: true, expires at: 1777486714527
[debug] [2026-04-29T17:25:14.620Z] Checked if tokens are valid: true, expires at: 1777486714527
[debug] [2026-04-29T17:25:14.620Z] >>> [apiv2][query] GET https://firestore.googleapis.com/v1/projects/sari-pos-88979/databases/(default) [none]
[debug] [2026-04-29T17:25:14.872Z] <<< [apiv2][status] GET https://firestore.googleapis.com/v1/projects/sari-pos-88979/databases/(default) 200
[debug] [2026-04-29T17:25:14.872Z] <<< [apiv2][body] GET https://firestore.googleapis.com/v1/projects/sari-pos-88979/databases/(default) {"name":"projects/sari-pos-88979/databases/(default)","uid":"045314b1-238c-4b2d-9328-0f570af374ce","createTime":"2026-01-22T02:43:37.284119Z","updateTime":"2026-01-22T02:43:37.284119Z","locationId":"nam5","type":"FIRESTORE_NATIVE","concurrencyMode":"PESSIMISTIC","versionRetentionPeriod":"3600s","earliestVersionTime":"2026-04-29T16:25:15.118805Z","appEngineIntegrationMode":"DISABLED","keyPrefix":"s","pointInTimeRecoveryEnablement":"POINT_IN_TIME_RECOVERY_DISABLED","deleteProtectionState":"DELETE_PROTECTION_DISABLED","databaseEdition":"STANDARD","freeTier":true,"realtimeUpdatesMode":"REALTIME_UPDATES_MODE_ENABLED","etag":"IMyCjYzKk5QDMKntraOl5pID"}
[info] i  firestore: The following indexes are defined in your project but are not present in your firestore indexes file:
	(inventoryTransactions) -- (productId,ASCENDING) (createdAt,DESCENDING)  -- Density:SPARSE_ALL 
	(cashinTransactions) -- (storeId,ASCENDING) (createdAt,DESCENDING)  -- Density:SPARSE_ALL 
	(customerSubscriptions) -- (ownerEmail,ASCENDING) (createdAt,DESCENDING)  -- Density:SPARSE_ALL 
	(utang) -- (status,ASCENDING) (createdAt,DESCENDING)  -- Density:SPARSE_ALL 
	(utangPayments) -- (utangId,ASCENDING) (createdAt,DESCENDING)  -- Density:SPARSE_ALL  
